Component: ARM Compiler 5.06 update 5 (build 528) Tool: armlink [4d35e2]

==============================================================================

Section Cross References

    eie3810_usart.o(i.EIE3810_USART1_init) refers to fflt_clz.o(x$fpl$ffltu) for __aeabi_ui2f
    eie3810_usart.o(i.EIE3810_USART1_init) refers to fdiv.o(x$fpl$fdiv) for __aeabi_fdiv
    eie3810_usart.o(i.EIE3810_USART1_init) refers to ffixu.o(x$fpl$ffixu) for __aeabi_f2uiz
    eie3810_usart.o(i.EIE3810_USART1_init) refers to faddsub_clz.o(x$fpl$frsb) for __aeabi_frsub
    eie3810_usart.o(i.EIE3810_USART1_init) refers to fmul.o(x$fpl$fmul) for __aeabi_fmul
    eie3810_usart.o(i.EIE3810_USART1_init) refers to eie3810_usart.o(.data) for USART1_RX_FinishFlag
    eie3810_usart.o(i.EIE3810_USART2_init) refers to fflt_clz.o(x$fpl$ffltu) for __aeabi_ui2f
    eie3810_usart.o(i.EIE3810_USART2_init) refers to fdiv.o(x$fpl$fdiv) for __aeabi_fdiv
    eie3810_usart.o(i.EIE3810_USART2_init) refers to ffixu.o(x$fpl$ffixu) for __aeabi_f2uiz
    eie3810_usart.o(i.EIE3810_USART2_init) refers to faddsub_clz.o(x$fpl$frsb) for __aeabi_frsub
    eie3810_usart.o(i.EIE3810_USART2_init) refers to fmul.o(x$fpl$fmul) for __aeabi_fmul
    eie3810_usart.o(i.USART1_IRQHandler) refers to eie3810_usart.o(.data) for USART1_Length
    eie3810_usart.o(i.USART1_IRQHandler) refers to eie3810_timer.o(.data) for Usart1_CountDown
    eie3810_usart.o(i.USART1_IRQHandler) refers to eie3810_usart.o(.bss) for Usart1_Buffer
    eie3810_usart.o(i.USART2_IRQHandler) refers to eie3810_usart.o(.data) for USART2_Length
    eie3810_usart.o(i.USART2_IRQHandler) refers to eie3810_timer.o(.data) for Usart2_CountDown
    eie3810_usart.o(i.USART2_IRQHandler) refers to eie3810_usart.o(.bss) for Usart2_Buffer
    eie3810_timer.o(i.EIE3810_TIM3_Init) refers to eie3810_timer.o(.data) for Usart1_CountDown
    eie3810_timer.o(i.TIM3_IRQHandler) refers to eie3810_timer.o(.data) for Timer10ms_Flag
    eie3810_timer.o(i.TIM3_IRQHandler) refers to eie3810_usart.o(.data) for USART1_RX_FinishFlag
    eie3810_timer.o(i.TIM4_IRQHandler) refers to eie3810_timer.o(.data) for Timer1000ms_Flag
    eie3810_tftlcd.o(i.EIE3810_TFTLCD_Clear) refers to eie3810_tftlcd.o(i.EIE3810_TFTLCD_WrCmdData) for EIE3810_TFTLCD_WrCmdData
    eie3810_tftlcd.o(i.EIE3810_TFTLCD_Clear) refers to eie3810_tftlcd.o(i.EIE3810_TFTLCD_WrCmd) for EIE3810_TFTLCD_WrCmd
    eie3810_tftlcd.o(i.EIE3810_TFTLCD_Clear) refers to eie3810_tftlcd.o(i.EIE3810_TFTLCD_WrData) for EIE3810_TFTLCD_WrData
    eie3810_tftlcd.o(i.EIE3810_TFTLCD_DrawDot) refers to eie3810_tftlcd.o(i.EIE3810_TFTLCD_WrCmd) for EIE3810_TFTLCD_WrCmd
    eie3810_tftlcd.o(i.EIE3810_TFTLCD_DrawDot) refers to eie3810_tftlcd.o(i.EIE3810_TFTLCD_WrData) for EIE3810_TFTLCD_WrData
    eie3810_tftlcd.o(i.EIE3810_TFTLCD_DrwaCircle) refers to eie3810_tftlcd.o(i.EIE3810_TFTLCD_DrawDot) for EIE3810_TFTLCD_DrawDot
    eie3810_tftlcd.o(i.EIE3810_TFTLCD_FillRectangle) refers to eie3810_tftlcd.o(i.EIE3810_TFTLCD_WrCmd) for EIE3810_TFTLCD_WrCmd
    eie3810_tftlcd.o(i.EIE3810_TFTLCD_FillRectangle) refers to eie3810_tftlcd.o(i.EIE3810_TFTLCD_WrData) for EIE3810_TFTLCD_WrData
    eie3810_tftlcd.o(i.EIE3810_TFTLCD_Init) refers to main.o(i.Delay) for Delay
    eie3810_tftlcd.o(i.EIE3810_TFTLCD_Init) refers to eie3810_tftlcd.o(i.EIE3810_TFTLCD_SetParameter) for EIE3810_TFTLCD_SetParameter
    eie3810_tftlcd.o(i.EIE3810_TFTLCD_SetParameter) refers to eie3810_tftlcd.o(i.EIE3810_TFTLCD_WrCmdData) for EIE3810_TFTLCD_WrCmdData
    eie3810_tftlcd.o(i.EIE3810_TFTLCD_SetParameter) refers to eie3810_tftlcd.o(i.EIE3810_TFTLCD_WrCmd) for EIE3810_TFTLCD_WrCmd
    eie3810_tftlcd.o(i.EIE3810_TFTLCD_SetParameter) refers to main.o(i.Delay) for Delay
    eie3810_tftlcd.o(i.EIE3810_TFTLCD_SevenSegment) refers to eie3810_tftlcd.o(i.EIE3810_TFTLCD_FillRectangle) for EIE3810_TFTLCD_FillRectangle
    eie3810_tftlcd.o(i.EIE3810_TFTLCD_SevenSegment) refers to eie3810_tftlcd.o(.data) for seven_table
    eie3810_tftlcd.o(i.EIE3810_TFTLCD_ShowChar) refers to eie3810_tftlcd.o(i.EIE3810_TFTLCD_WrCmd) for EIE3810_TFTLCD_WrCmd
    eie3810_tftlcd.o(i.EIE3810_TFTLCD_ShowChar) refers to eie3810_tftlcd.o(i.EIE3810_TFTLCD_WrData) for EIE3810_TFTLCD_WrData
    eie3810_tftlcd.o(i.EIE3810_TFTLCD_ShowChar) refers to eie3810_tftlcd.o(.constdata) for asc2_1608
    eie3810_tftlcd.o(i.EIE3810_TFTLCD_ShowChar2412) refers to eie3810_tftlcd.o(i.EIE3810_TFTLCD_WrCmd) for EIE3810_TFTLCD_WrCmd
    eie3810_tftlcd.o(i.EIE3810_TFTLCD_ShowChar2412) refers to eie3810_tftlcd.o(i.EIE3810_TFTLCD_WrData) for EIE3810_TFTLCD_WrData
    eie3810_tftlcd.o(i.EIE3810_TFTLCD_ShowChar2412) refers to eie3810_tftlcd.o(.constdata) for asc2_2412
    eie3810_tftlcd.o(i.EIE3810_TFTLCD_ShowNum) refers to eie3810_tftlcd.o(i.EIE3810_TFTLCD_ShowChar) for EIE3810_TFTLCD_ShowChar
    eie3810_tftlcd.o(i.EIE3810_TFTLCD_ShowReg) refers to eie3810_tftlcd.o(i.EIE3810_TFTLCD_ShowNum) for EIE3810_TFTLCD_ShowNum
[...]
    main.o(i.main) refers to eie3810_myown.o(i.EIE3810_GameAgain) for EIE3810_GameAgain
    main.o(i.main) refers to eie3810_myown.o(.data) for Game_InitFlag
    __main.o(!!!main) refers to __rtentry.o(.ARM.Collect$$rtentry$$00000000) for __rt_entry
    faddsub_clz.o(x$fpl$fadd) refers (Special) to usenofp.o(x$fpl$usenofp) for __I$use$fp
    faddsub_clz.o(x$fpl$fadd) refers to faddsub_clz.o(x$fpl$fsub) for _fsub1
    faddsub_clz.o(x$fpl$fadd) refers to fretinf.o(x$fpl$fretinf) for __fpl_fretinf
    faddsub_clz.o(x$fpl$fadd) refers to fnaninf.o(x$fpl$fnaninf) for __fpl_fnaninf
    faddsub_clz.o(x$fpl$frsb) refers (Special) to usenofp.o(x$fpl$usenofp) for __I$use$fp
    faddsub_clz.o(x$fpl$frsb) refers to faddsub_clz.o(x$fpl$fadd) for _fadd1
    faddsub_clz.o(x$fpl$frsb) refers to faddsub_clz.o(x$fpl$fsub) for _fsub1
    faddsub_clz.o(x$fpl$fsub) refers (Special) to usenofp.o(x$fpl$usenofp) for __I$use$fp
    faddsub_clz.o(x$fpl$fsub) refers to faddsub_clz.o(x$fpl$fadd) for _fadd1
    faddsub_clz.o(x$fpl$fsub) refers to fnaninf.o(x$fpl$fnaninf) for __fpl_fnaninf
    fdiv.o(x$fpl$frdiv) refers (Special) to usenofp.o(x$fpl$usenofp) for __I$use$fp
    fdiv.o(x$fpl$frdiv) refers to fdiv.o(x$fpl$fdiv) for _fdiv1
    fdiv.o(x$fpl$fdiv) refers (Special) to usenofp.o(x$fpl$usenofp) for __I$use$fp
    fdiv.o(x$fpl$fdiv) refers to fretinf.o(x$fpl$fretinf) for __fpl_fretinf
    fdiv.o(x$fpl$fdiv) refers to fnaninf.o(x$fpl$fnaninf) for __fpl_fnaninf
    ffixu.o(x$fpl$ffixu) refers (Special) to usenofp.o(x$fpl$usenofp) for __I$use$fp
    ffixu.o(x$fpl$ffixu) refers to fnaninf.o(x$fpl$fnaninf) for __fpl_fnaninf
    ffixu.o(x$fpl$ffixur) refers (Special) to usenofp.o(x$fpl$usenofp) for __I$use$fp
    ffixu.o(x$fpl$ffixur) refers to fnaninf.o(x$fpl$fnaninf) for __fpl_fnaninf
    fflt_clz.o(x$fpl$ffltu) refers (Special) to usenofp.o(x$fpl$usenofp) for __I$use$fp
    fflt_clz.o(x$fpl$fflt) refers (Special) to usenofp.o(x$fpl$usenofp) for __I$use$fp
    fflt_clz.o(x$fpl$ffltn) refers (Special) to usenofp.o(x$fpl$usenofp) for __I$use$fp
    fmul.o(x$fpl$fmul) refers (Special) to usenofp.o(x$fpl$usenofp) for __I$use$fp
    fmul.o(x$fpl$fmul) refers to fretinf.o(x$fpl$fretinf) for __fpl_fretinf
    fmul.o(x$fpl$fmul) refers to fnaninf.o(x$fpl$fnaninf) for __fpl_fnaninf
    __rtentry.o(.ARM.Collect$$rtentry$$00000000) refers (Special) to __rtentry2.o(.ARM.Collect$$rtentry$$0000000A) for __rt_entry_li
    __rtentry.o(.ARM.Collect$$rtentry$$00000000) refers (Special) to __rtentry2.o(.ARM.Collect$$rtentry$$0000000D) for __rt_entry_main
    __rtentry.o(.ARM.Collect$$rtentry$$00000000) refers (Special) to __rtentry2.o(.ARM.Collect$$rtentry$$0000000C) for __rt_entry_postli_1
    __rtentry.o(.ARM.Collect$$rtentry$$00000000) refers (Special) to __rtentry2.o(.ARM.Collect$$rtentry$$00000009) for __rt_entry_postsh_1
    __rtentry.o(.ARM.Collect$$rtentry$$00000000) refers (Special) to __rtentry2.o(.ARM.Collect$$rtentry$$00000002) for __rt_entry_presh_1
    __rtentry.o(.ARM.Collect$$rtentry$$00000000) refers (Special) to __rtentry4.o(.ARM.Collect$$rtentry$$00000004) for __rt_entry_sh
    fnaninf.o(x$fpl$fnaninf) refers (Special) to usenofp.o(x$fpl$usenofp) for __I$use$fp
    fretinf.o(x$fpl$fretinf) refers (Special) to usenofp.o(x$fpl$usenofp) for __I$use$fp
    __rtentry2.o(.ARM.Collect$$rtentry$$00000008) refers to boardinit2.o(.text) for _platform_post_stackheap_init
    __rtentry2.o(.ARM.Collect$$rtentry$$0000000A) refers to libinit.o(.ARM.Collect$$libinit$$00000000) for __rt_lib_init
    __rtentry2.o(.ARM.Collect$$rtentry$$0000000B) refers to boardinit3.o(.text) for _platform_post_lib_init
    __rtentry2.o(.ARM.Collect$$rtentry$$0000000D) refers to main.o(i.main) for main
    __rtentry2.o(.ARM.Collect$$rtentry$$0000000D) refers to exit.o(.text) for exit
    __rtentry2.o(.ARM.exidx) refers to __rtentry2.o(.ARM.Collect$$rtentry$$00000001) for .ARM.Collect$$rtentry$$00000001
    __rtentry2.o(.ARM.exidx) refers to __rtentry2.o(.ARM.Collect$$rtentry$$00000008) for .ARM.Collect$$rtentry$$00000008
    __rtentry2.o(.ARM.exidx) refers to __rtentry2.o(.ARM.Collect$$rtentry$$0000000A) for .ARM.Collect$$rtentry$$0000000A
    __rtentry2.o(.ARM.exidx) refers to __rtentry2.o(.ARM.Collect$$rtentry$$0000000B) for .ARM.Collect$$rtentry$$0000000B
    __rtentry2.o(.ARM.exidx) refers to __rtentry2.o(.ARM.Collect$$rtentry$$0000000D) for .ARM.Collect$$rtentry$$0000000D
    __rtentry4.o(.ARM.Collect$$rtentry$$00000004) refers to sys_stackheap_outer.o(.text) for __user_setup_stackheap
    __rtentry4.o(.ARM.exidx) refers to __rtentry4.o(.ARM.Collect$$rtentry$$00000004) for .ARM.Collect$$rtentry$$00000004
    sys_stackheap_outer.o(.text) refers to libspace.o(.text) for __user_perproc_libspace
    sys_stackheap_outer.o(.text) refers to startup_stm32f10x_hd.o(.text) for __user_initial_stackheap
    exit.o(.text) refers to rtexit.o(.ARM.Collect$$rtexit$$00000000) for __rt_exit
    libinit.o(.ARM.Collect$$libinit$$00000000) refers (Special) to libinit2.o(.ARM.Collect$$libinit$$0000002E) for __rt_lib_init_alloca_1
    libinit.o(.ARM.Collect$$libinit$$00000000) refers (Special) to libinit2.o(.ARM.Collect$$libinit$$0000002C) for __rt_lib_init_argv_1
    libinit.o(.ARM.Collect$$libinit$$00000000) refers (Special) to libinit2.o(.ARM.Collect$$libinit$$0000001B) for __rt_lib_init_atexit_1
    libinit.o(.ARM.Collect$$libinit$$00000000) refers (Special) to libinit2.o(.ARM.Collect$$libinit$$00000021) for __rt_lib_init_clock_1
    libinit.o(.ARM.Collect$$libinit$$00000000) refers (Special) to libinit2.o(.ARM.Collect$$libinit$$00000032) for __rt_lib_init_cpp_1
    libinit.o(.ARM.Collect$$libinit$$00000000) refers (Special) to libinit2.o(.ARM.Collect$$libinit$$00000030) for __rt_lib_init_exceptions_1
    libinit.o(.ARM.Collect$$libinit$$00000000) refers (Special) to libinit2.o(.ARM.Collect$$libinit$$00000002) for __rt_lib_init_fp_1
    libinit.o(.ARM.Collect$$libinit$$00000000) refers (Special) to libinit2.o(.ARM.Collect$$libinit$$0000001F) for __rt_lib_init_fp_trap_1
    libinit.o(.ARM.Collect$$libinit$$00000000) refers (Special) to libinit2.o(.ARM.Collect$$libinit$$00000023) for __rt_lib_init_getenv_1
    libinit.o(.ARM.Collect$$libinit$$00000000) refers (Special) to libinit2.o(.ARM.Collect$$libinit$$0000000A) for __rt_lib_init_heap_1
    libinit.o(.ARM.Collect$$libinit$$00000000) refers (Special) to libinit2.o(.ARM.Collect$$libinit$$00000011) for __rt_lib_init_lc_collate_1
    libinit.o(.ARM.Collect$$libinit$$00000000) refers (Special) to libinit2.o(.ARM.Collect$$libinit$$00000013) for __rt_lib_init_lc_ctype_1
    libinit.o(.ARM.Collect$$libinit$$00000000) refers (Special) to libinit2.o(.ARM.Collect$$libinit$$00000015) for __rt_lib_init_lc_monetary_1
    libinit.o(.ARM.Collect$$libinit$$00000000) refers (Special) to libinit2.o(.ARM.Collect$$libinit$$00000017) for __rt_lib_init_lc_numeric_1
    libinit.o(.ARM.Collect$$libinit$$00000000) refers (Special) to libinit2.o(.ARM.Collect$$libinit$$00000019) for __rt_lib_init_lc_time_1
    libinit.o(.ARM.Collect$$libinit$$00000000) refers (Special) to libinit2.o(.ARM.Collect$$libinit$$00000004) for __rt_lib_init_preinit_1
    libinit.o(.ARM.Collect$$libinit$$00000000) refers (Special) to libinit2.o(.ARM.Collect$$libinit$$0000000E) for __rt_lib_init_rand_1
    libinit.o(.ARM.Collect$$libinit$$00000000) refers (Special) to libinit2.o(.ARM.Collect$$libinit$$00000033) for __rt_lib_init_return
    libinit.o(.ARM.Collect$$libinit$$00000000) refers (Special) to libinit2.o(.ARM.Collect$$libinit$$0000001D) for __rt_lib_init_signal_1
    libinit.o(.ARM.Collect$$libinit$$00000000) refers (Special) to libinit2.o(.ARM.Collect$$libinit$$00000025) for __rt_lib_init_stdio_1
    libinit.o(.ARM.Collect$$libinit$$00000000) refers (Special) to libinit2.o(.ARM.Collect$$libinit$$0000000C) for __rt_lib_init_user_alloc_1
    libspace.o(.text) refers to libspace.o(.bss) for __libspace_start
    rtexit.o(.ARM.Collect$$rtexit$$00000000) refers (Special) to rtexit2.o(.ARM.Collect$$rtexit$$00000004) for __rt_exit_exit
    rtexit.o(.ARM.Collect$$rtexit$$00000000) refers (Special) to rtexit2.o(.ARM.Collect$$rtexit$$00000003) for __rt_exit_ls
    rtexit.o(.ARM.Collect$$rtexit$$00000000) refers (Special) to rtexit2.o(.ARM.Collect$$rtexit$$00000002) for __rt_exit_prels_1
    rtexit.o(.ARM.exidx) refers (Special) to rtexit2.o(.ARM.Collect$$rtexit$$00000004) for __rt_exit_exit
    rtexit.o(.ARM.exidx) refers (Special) to rtexit2.o(.ARM.Collect$$rtexit$$00000003) for __rt_exit_ls
    rtexit.o(.ARM.exidx) refers (Special) to rtexit2.o(.ARM.Collect$$rtexit$$00000002) for __rt_exit_prels_1
    rtexit.o(.ARM.exidx) refers to rtexit.o(.ARM.Collect$$rtexit$$00000000) for .ARM.Collect$$rtexit$$00000000
    libinit2.o(.ARM.Collect$$libinit$$00000010) refers to libinit2.o(.ARM.Collect$$libinit$$0000000F) for .ARM.Collect$$libinit$$0000000F
    libinit2.o(.ARM.Collect$$libinit$$00000012) refers to libinit2.o(.ARM.Collect$$libinit$$0000000F) for .ARM.Collect$$libinit$$0000000F
    libinit2.o(.ARM.Collect$$libinit$$00000014) refers to libinit2.o(.ARM.Collect$$libinit$$0000000F) for .ARM.Collect$$libinit$$0000000F
    libinit2.o(.ARM.Collect$$libinit$$00000016) refers to libinit2.o(.ARM.Collect$$libinit$$0000000F) for .ARM.Collect$$libinit$$0000000F
    libinit2.o(.ARM.Collect$$libinit$$00000018) refers to libinit2.o(.ARM.Collect$$libinit$$0000000F) for .ARM.Collect$$libinit$$0000000F
    libinit2.o(.ARM.Collect$$libinit$$00000026) refers to argv_veneer.o(.emb_text) for __ARM_argv_veneer
    libinit2.o(.ARM.Collect$$libinit$$00000027) refers to argv_veneer.o(.emb_text) for __ARM_argv_veneer
    rtexit2.o(.ARM.Collect$$rtexit$$00000003) refers to libshutdown.o(.ARM.Collect$$libshutdown$$00000000) for __rt_lib_shutdown
    rtexit2.o(.ARM.Collect$$rtexit$$00000004) refers to sys_exit.o(.text) for _sys_exit
    rtexit2.o(.ARM.exidx) refers to rtexit2.o(.ARM.Collect$$rtexit$$00000001) for .ARM.Collect$$rtexit$$00000001
    rtexit2.o(.ARM.exidx) refers to rtexit2.o(.ARM.Collect$$rtexit$$00000003) for .ARM.Collect$$rtexit$$00000003
    rtexit2.o(.ARM.exidx) refers to rtexit2.o(.ARM.Collect$$rtexit$$00000004) for .ARM.Collect$$rtexit$$00000004
    argv_veneer.o(.emb_text) refers to no_argv.o(.text) for __ARM_get_argv
    sys_exit.o(.text) refers (Special) to use_no_semi.o(.text) for __I$use$semihosting
    sys_exit.o(.text) refers (Special) to indicate_semi.o(.text) for __semihosting_library_function
    _get_argv_nomalloc.o(.text) refers (Special) to hrguard.o(.text) for __heap_region$guard
    _get_argv_nomalloc.o(.text) refers to defsig_rtmem_outer.o(.text) for __rt_SIGRTMEM
    _get_argv_nomalloc.o(.text) refers to sys_command.o(.text) for _sys_command_string
    libshutdown.o(.ARM.Collect$$libshutdown$$00000000) refers (Special) to libshutdown2.o(.ARM.Collect$$libshutdown$$00000002) for __rt_lib_shutdown_cpp_1
    libshutdown.o(.ARM.Collect$$libshutdown$$00000000) refers (Special) to libshutdown2.o(.ARM.Collect$$libshutdown$$00000007) for __rt_lib_shutdown_fp_trap_1
    libshutdown.o(.ARM.Collect$$libshutdown$$00000000) refers (Special) to libshutdown2.o(.ARM.Collect$$libshutdown$$0000000F) for __rt_lib_shutdown_heap_1
    libshutdown.o(.ARM.Collect$$libshutdown$$00000000) refers (Special) to libshutdown2.o(.ARM.Collect$$libshutdown$$00000010) for __rt_lib_shutdown_return
    libshutdown.o(.ARM.Collect$$libshutdown$$00000000) refers (Special) to libshutdown2.o(.ARM.Collect$$libshutdown$$0000000A) for __rt_lib_shutdown_signal_1
    libshutdown.o(.ARM.Collect$$libshutdown$$00000000) refers (Special) to libshutdown2.o(.ARM.Collect$$libshutdown$$00000004) for __rt_lib_shutdown_stdio_1
    libshutdown.o(.ARM.Collect$$libshutdown$$00000000) refers (Special) to libshutdown2.o(.ARM.Collect$$libshutdown$$0000000C) for __rt_lib_shutdown_user_alloc_1
    sys_command.o(.text) refers (Special) to use_no_semi.o(.text) for __I$use$semihosting
    sys_command.o(.text) refers (Special) to indicate_semi.o(.text) for __semihosting_library_function
    defsig_rtmem_outer.o(.text) refers to defsig_rtmem_inner.o(.text) for __rt_SIGRTMEM_inner
    defsig_rtmem_outer.o(.text) refers to defsig_exit.o(.text) for __sig_exit
    defsig_rtmem_formal.o(.text) refers to rt_raise.o(.text) for __rt_raise
    rt_raise.o(.text) refers to __raise.o(.text) for __raise
    rt_raise.o(.text) refers to sys_exit.o(.text) for _sys_exit
    defsig_exit.o(.text) refers to sys_exit.o(.text) for _sys_exit
    defsig_rtmem_inner.o(.text) refers to defsig_general.o(.text) for __default_signal_display
    __raise.o(.text) refers to defsig.o(CL$$defsig) for __default_signal_handler
    defsig_general.o(.text) refers to sys_wrch.o(.text) for _ttywrch
    sys_wrch.o(.text) refers (Special) to use_no_semi.o(.text) for __I$use$semihosting
    sys_wrch.o(.text) refers (Special) to indicate_semi.o(.text) for __semihosting_library_function
    defsig.o(CL$$defsig) refers to defsig_rtmem_inner.o(.text) for __rt_SIGRTMEM_inner
    defsig_abrt_inner.o(.text) refers to defsig_general.o(.text) for __default_signal_display
    defsig_fpe_inner.o(.text) refers to defsig_general.o(.text) for __default_signal_display
    defsig_rtred_inner.o(.text) refers to defsig_general.o(.text) for __default_signal_display
    defsig_stak_inner.o(.text) refers to defsig_general.o(.text) for __default_signal_display
    defsig_pvfn_inner.o(.text) refers to defsig_general.o(.text) for __default_signal_display
    defsig_cppl_inner.o(.text) refers to defsig_general.o(.text) for __default_signal_display
    defsig_segv_inner.o(.text) refers to defsig_general.o(.text) for __default_signal_display
    defsig_other.o(.text) refers to defsig_general.o(.text) for __default_signal_display


==============================================================================

Removing Unused input sections from the image.

    Removing eie3810_usart.o(i.EIE3810_USART2_init), (192 bytes).
    Removing eie3810_usart.o(i.USART_print), (88 bytes).
    Removing eie3810_led.o(i.EIE3810_LED0_Off), (12 bytes).
    Removing eie3810_led.o(i.EIE3810_LED0_On), (16 bytes).
    Removing eie3810_led.o(i.EIE3810_LED1_Off), (12 bytes).
    Removing eie3810_led.o(i.EIE3810_LED1_On), (16 bytes).
    Removing eie3810_led.o(i.EIE3810_LED1_Toggle), (20 bytes).
    Removing eie3810_tftlcd.o(i.EIE3810_TFTLCD_ShowReg), (440 bytes).
    Removing eie3810_buzzer.o(i.EIE3810_BuzzerToggle), (20 bytes).
    Removing eie3810_myown.o(i.EIE3810_Get_Random), (40 bytes).
    Removing eie3810_myown.o(i.EIE3810_Peripheral_Check), (376 bytes).
    Removing eie3810_myown.o(i.EIE3810_TFTLCD_ShowString_Beep), (188 bytes).
    Removing core_cm3.o(.emb_text), (32 bytes).
    Removing system_stm32f10x.o(i.SystemCoreClockUpdate), (164 bytes).
    Removing system_stm32f10x.o(.data), (20 bytes).
    Removing stm32f10x_rcc.o(i.RCC_ADCCLKConfig), (24 bytes).
    Removing stm32f10x_rcc.o(i.RCC_AHBPeriphClockCmd), (32 bytes).
    Removing stm32f10x_rcc.o(i.RCC_APB1PeriphClockCmd), (32 bytes).
    Removing stm32f10x_rcc.o(i.RCC_APB1PeriphResetCmd), (32 bytes).
    Removing stm32f10x_rcc.o(i.RCC_APB2PeriphClockCmd), (32 bytes).
    Removing stm32f10x_rcc.o(i.RCC_APB2PeriphResetCmd), (32 bytes).
    Removing stm32f10x_rcc.o(i.RCC_AdjustHSICalibrationValue), (24 bytes).
    Removing stm32f10x_rcc.o(i.RCC_BackupResetCmd), (12 bytes).
    Removing stm32f10x_rcc.o(i.RCC_ClearFlag), (20 bytes).
    Removing stm32f10x_rcc.o(i.RCC_ClearITPendingBit), (12 bytes).
    Removing stm32f10x_rcc.o(i.RCC_ClockSecuritySystemCmd), (12 bytes).
    Removing stm32f10x_rcc.o(i.RCC_DeInit), (76 bytes).
    Removing stm32f10x_rcc.o(i.RCC_GetClocksFreq), (212 bytes).
    Removing stm32f10x_rcc.o(i.RCC_GetFlagStatus), (60 bytes).
    Removing stm32f10x_rcc.o(i.RCC_GetITStatus), (24 bytes).
    Removing stm32f10x_rcc.o(i.RCC_GetSYSCLKSource), (16 bytes).
    Removing stm32f10x_rcc.o(i.RCC_HCLKConfig), (24 bytes).
    Removing stm32f10x_rcc.o(i.RCC_HSEConfig), (76 bytes).
    Removing stm32f10x_rcc.o(i.RCC_HSICmd), (12 bytes).
    Removing stm32f10x_rcc.o(i.RCC_ITConfig), (32 bytes).
    Removing stm32f10x_rcc.o(i.RCC_LSEConfig), (52 bytes).
    Removing stm32f10x_rcc.o(i.RCC_LSICmd), (12 bytes).
    Removing stm32f10x_rcc.o(i.RCC_MCOConfig), (12 bytes).
    Removing stm32f10x_rcc.o(i.RCC_PCLK1Config), (24 bytes).
    Removing stm32f10x_rcc.o(i.RCC_PCLK2Config), (24 bytes).
    Removing stm32f10x_rcc.o(i.RCC_PLLCmd), (12 bytes).
    Removing stm32f10x_rcc.o(i.RCC_PLLConfig), (28 bytes).
    Removing stm32f10x_rcc.o(i.RCC_RTCCLKCmd), (12 bytes).
    Removing stm32f10x_rcc.o(i.RCC_RTCCLKConfig), (16 bytes).
    Removing stm32f10x_rcc.o(i.RCC_SYSCLKConfig), (24 bytes).
    Removing stm32f10x_rcc.o(i.RCC_USBCLKConfig), (12 bytes).
    Removing stm32f10x_rcc.o(i.RCC_WaitForHSEStartUp), (56 bytes).
    Removing stm32f10x_rcc.o(.data), (20 bytes).
    Removing stm32f10x_gpio.o(i.GPIO_AFIODeInit), (20 bytes).
    Removing stm32f10x_gpio.o(i.GPIO_DeInit), (200 bytes).
    Removing stm32f10x_gpio.o(i.GPIO_ETH_MediaInterfaceConfig), (12 bytes).
    Removing stm32f10x_gpio.o(i.GPIO_EXTILineConfig), (64 bytes).
    Removing stm32f10x_gpio.o(i.GPIO_EventOutputCmd), (12 bytes).
    Removing stm32f10x_gpio.o(i.GPIO_EventOutputConfig), (32 bytes).
    Removing stm32f10x_gpio.o(i.GPIO_Init), (278 bytes).
    Removing stm32f10x_gpio.o(i.GPIO_PinLockConfig), (18 bytes).
    Removing stm32f10x_gpio.o(i.GPIO_PinRemapConfig), (144 bytes).
    Removing stm32f10x_gpio.o(i.GPIO_ReadInputData), (8 bytes).
    Removing stm32f10x_gpio.o(i.GPIO_ReadInputDataBit), (18 bytes).
    Removing stm32f10x_gpio.o(i.GPIO_ReadOutputData), (8 bytes).
    Removing stm32f10x_gpio.o(i.GPIO_ReadOutputDataBit), (18 bytes).
    Removing stm32f10x_gpio.o(i.GPIO_ResetBits), (4 bytes).
    Removing stm32f10x_gpio.o(i.GPIO_SetBits), (4 bytes).
    Removing stm32f10x_gpio.o(i.GPIO_StructInit), (16 bytes).
    Removing stm32f10x_gpio.o(i.GPIO_Write), (4 bytes).
    Removing stm32f10x_gpio.o(i.GPIO_WriteBit), (10 bytes).

66 unused section(s) (total 3606 bytes) removed from the image.

==============================================================================

Image Symbol Table

    Local Symbols

    Symbol Name                              Value     Ov Type        Size  Object(Section)

    ../clib/angel/boardlib.s                 0x00000000   Number         0  boardshut.o ABSOLUTE
    ../clib/angel/boardlib.s                 0x00000000   Number         0  boardinit3.o ABSOLUTE
    ../clib/angel/boardlib.s                 0x00000000   Number         0  boardinit2.o ABSOLUTE
    ../clib/angel/boardlib.s                 0x00000000   Number         0  boardinit1.o ABSOLUTE
    ../clib/angel/handlers.s                 0x00000000   Number         0  __scatter_copy.o ABSOLUTE
    ../clib/angel/handlers.s                 0x00000000   Number         0  __scatter_zi.o ABSOLUTE
    ../clib/angel/kernel.s                   0x00000000   Number         0  rtexit2.o ABSOLUTE
    ../clib/angel/kernel.s                   0x00000000   Number         0  __rtentry.o ABSOLUTE
    ../clib/angel/kernel.s                   0x00000000   Number         0  rtexit.o ABSOLUTE
    ../clib/angel/kernel.s                   0x00000000   Number         0  __rtentry2.o ABSOLUTE
    ../clib/angel/kernel.s                   0x00000000   Number         0  __rtentry4.o ABSOLUTE
    ../clib/angel/rt.s                       0x00000000   Number         0  rt_raise.o ABSOLUTE
    ../clib/angel/scatter.s                  0x00000000   Number         0  __scatter.o ABSOLUTE
    ../clib/angel/startup.s                  0x00000000   Number         0  __main.o ABSOLUTE
    ../clib/angel/sys.s                      0x00000000   Number         0  libspace.o ABSOLUTE
    ../clib/angel/sys.s                      0x00000000   Number         0  use_no_semi.o ABSOLUTE
    ../clib/angel/sys.s                      0x00000000   Number         0  indicate_semi.o ABSOLUTE
    ../clib/angel/sys.s                      0x00000000   Number         0  sys_stackheap_outer.o ABSOLUTE
    ../clib/angel/sysapp.c                   0x00000000   Number         0  sys_wrch.o ABSOLUTE
    ../clib/angel/sysapp.c                   0x00000000   Number         0  sys_exit.o ABSOLUTE
    ../clib/angel/sysapp.c                   0x00000000   Number         0  sys_command.o ABSOLUTE
    ../clib/armsys.c                         0x00000000   Number         0  argv_veneer.o ABSOLUTE
    ../clib/armsys.c                         0x00000000   Number         0  argv_veneer.o ABSOLUTE
    ../clib/armsys.c                         0x00000000   Number         0  _get_argv_nomalloc.o ABSOLUTE
    ../clib/armsys.c                         0x00000000   Number         0  no_argv.o ABSOLUTE
    ../clib/heapalloc.c                      0x00000000   Number         0  hrguard.o ABSOLUTE
    ../clib/heapaux.c                        0x00000000   Number         0  heapauxi.o ABSOLUTE
    ../clib/libinit.s                        0x00000000   Number         0  libinit2.o ABSOLUTE
    ../clib/libinit.s                        0x00000000   Number         0  libinit.o ABSOLUTE
    ../clib/libinit.s                        0x00000000   Number         0  libshutdown.o ABSOLUTE
    ../clib/libinit.s                        0x00000000   Number         0  libshutdown2.o ABSOLUTE
    ../clib/signal.c                         0x00000000   Number         0  defsig_segv_inner.o ABSOLUTE
    ../clib/signal.c                         0x00000000   Number         0  defsig_cppl_inner.o ABSOLUTE
    ../clib/signal.c                         0x00000000   Number         0  defsig_pvfn_inner.o ABSOLUTE
    ../clib/signal.c                         0x00000000   Number         0  defsig_stak_inner.o ABSOLUTE
    ../clib/signal.c                         0x00000000   Number         0  defsig_rtred_inner.o ABSOLUTE
    ../clib/signal.c                         0x00000000   Number         0  defsig_fpe_inner.o ABSOLUTE
    ../clib/signal.c                         0x00000000   Number         0  defsig_abrt_inner.o ABSOLUTE
    ../clib/signal.c                         0x00000000   Number         0  defsig_other.o ABSOLUTE
    ../clib/signal.c                         0x00000000   Number         0  defsig_general.o ABSOLUTE
    ../clib/signal.c                         0x00000000   Number         0  __raise.o ABSOLUTE
    ../clib/signal.c                         0x00000000   Number         0  defsig_rtmem_inner.o ABSOLUTE
    ../clib/signal.c                         0x00000000   Number         0  defsig_rtmem_formal.o ABSOLUTE
    ../clib/signal.c                         0x00000000   Number         0  defsig_exit.o ABSOLUTE
    ../clib/signal.c                         0x00000000   Number         0  defsig_rtmem_outer.o ABSOLUTE
    ../clib/signal.s                         0x00000000   Number         0  defsig.o ABSOLUTE
    ../clib/stdlib.c                         0x00000000   Number         0  exit.o ABSOLUTE
    ../fplib/faddsub.s                       0x00000000   Number         0  faddsub_clz.o ABSOLUTE
    ../fplib/fdiv.s                          0x00000000   Number         0  fdiv.o ABSOLUTE
    ../fplib/ffixu.s                         0x00000000   Number         0  ffixu.o ABSOLUTE
    ../fplib/fflt.s                          0x00000000   Number         0  fflt_clz.o ABSOLUTE
    ../fplib/fmul.s                          0x00000000   Number         0  fmul.o ABSOLUTE
    ../fplib/fnaninf.s                       0x00000000   Number         0  fnaninf.o ABSOLUTE
    ../fplib/fpinit.s                        0x00000000   Number         0  fpinit.o ABSOLUTE
    ../fplib/fretinf.s                       0x00000000   Number         0  fretinf.o ABSOLUTE
    ../fplib/usenofp.s                       0x00000000   Number         0  usenofp.o ABSOLUTE
    Board\EIE3810_Buzzer.c                   0x00000000   Number         0  eie3810_buzzer.o ABSOLUTE
    Board\EIE3810_Clock.c                    0x00000000   Number         0  eie3810_clock.o ABSOLUTE
    Board\EIE3810_Joypad.c                   0x00000000   Number         0  eie3810_joypad.o ABSOLUTE
    Board\EIE3810_Key.c                      0x00000000   Number         0  eie3810_key.o ABSOLUTE
    Board\EIE3810_LED.c                      0x00000000   Number         0  eie3810_led.o ABSOLUTE
    Board\EIE3810_Myown.c                    0x00000000   Number         0  eie3810_myown.o ABSOLUTE
    Board\EIE3810_TFTLCD.c                   0x00000000   Number         0  eie3810_tftlcd.o ABSOLUTE
    Board\EIE3810_Timer.c                    0x00000000   Number         0  eie3810_timer.o ABSOLUTE
    Board\EIE3810_USART.c                    0x00000000   Number         0  eie3810_usart.o ABSOLUTE
    Core\\core_cm3.c                         0x00000000   Number         0  core_cm3.o ABSOLUTE
    Core\core_cm3.c                          0x00000000   Number         0  core_cm3.o ABSOLUTE
    Core\startup_stm32f10x_hd.s              0x00000000   Number         0  startup_stm32f10x_hd.o ABSOLUTE
    Core\system_stm32f10x.c                  0x00000000   Number         0  system_stm32f10x.o ABSOLUTE
    Fw_lib\src\stm32f10x_gpio.c              0x00000000   Number         0  stm32f10x_gpio.o ABSOLUTE
    Fw_lib\src\stm32f10x_rcc.c               0x00000000   Number         0  stm32f10x_rcc.o ABSOLUTE
    User\main.c                              0x00000000   Number         0  main.o ABSOLUTE
    User\stm32f10x_it.c                      0x00000000   Number         0  stm32f10x_it.o ABSOLUTE
    dc.s                                     0x00000000   Number         0  dc.o ABSOLUTE
    RESET                                    0x08000000   Section      304  startup_stm32f10x_hd.o(RESET)
    !!!main                                  0x08000130   Section        8  __main.o(!!!main)
    !!!scatter                               0x08000138   Section       52  __scatter.o(!!!scatter)
    !!handler_copy                           0x0800016c   Section       26  __scatter_copy.o(!!handler_copy)
    !!handler_zi                             0x08000188   Section       28  __scatter_zi.o(!!handler_zi)
    .ARM.Collect$$libinit$$00000000          0x080001a4   Section        2  libinit.o(.ARM.Collect$$libinit$$00000000)
    .ARM.Collect$$libinit$$00000002          0x080001a6   Section        0  libinit2.o(.ARM.Collect$$libinit$$00000002)
    .ARM.Collect$$libinit$$00000004          0x080001a6   Section        0  libinit2.o(.ARM.Collect$$libinit$$00000004)
    .ARM.Collect$$libinit$$0000000A          0x080001a6   Section        0  libinit2.o(.ARM.Collect$$libinit$$0000000A)
    .ARM.Collect$$libinit$$0000000C          0x080001a6   Section        0  libinit2.o(.ARM.Collect$$libinit$$0000000C)
    .ARM.Collect$$libinit$$0000000E          0x080001a6   Section        0  libinit2.o(.ARM.Collect$$libinit$$0000000E)
    .ARM.Collect$$libinit$$00000011          0x080001a6   Section        0  libinit2.o(.ARM.Collect$$libinit$$00000011)
    .ARM.Collect$$libinit$$00000013          0x080001a6   Section        0  libinit2.o(.ARM.Collect$$libinit$$00000013)
    .ARM.Collect$$libinit$$00000015          0x080001a6   Section        0  libinit2.o(.ARM.Collect$$libinit$$00000015)
    .ARM.Collect$$libinit$$00000017          0x080001a6   Section        0  libinit2.o(.ARM.Collect$$libinit$$00000017)
    .ARM.Collect$$libinit$$00000019          0x080001a6   Section        0  libinit2.o(.ARM.Collect$$libinit$$00000019)
    .ARM.Collect$$libinit$$0000001B          0x080001a6   Section        0  libinit2.o(.ARM.Collect$$libinit$$0000001B)
    .ARM.Collect$$libinit$$0000001D          0x080001a6   Section        0  libinit2.o(.ARM.Collect$$libinit$$0000001D)
    .ARM.Collect$$libinit$$0000001F          0x080001a6   Section        0  libinit2.o(.ARM.Collect$$libinit$$0000001F)
    .ARM.Collect$$libinit$$00000021          0x080001a6   Section        0  libinit2.o(.ARM.Collect$$libinit$$00000021)
    .ARM.Collect$$libinit$$00000023          0x080001a6   Section        0  libinit2.o(.ARM.Collect$$libinit$$00000023)
    .ARM.Collect$$libinit$$00000025          0x080001a6   Section        0  libinit2.o(.ARM.Collect$$libinit$$00000025)
    .ARM.Collect$$libinit$$0000002C          0x080001a6   Section        0  libinit2.o(.ARM.Collect$$libinit$$0000002C)
    .ARM.Collect$$libinit$$0000002E          0x080001a6   Section        0  libinit2.o(.ARM.Collect$$libinit$$0000002E)
    .ARM.Collect$$libinit$$00000030          0x080001a6   Section        0  libinit2.o(.ARM.Collect$$libinit$$00000030)
    .ARM.Collect$$libinit$$00000032          0x080001a6   Section        0  libinit2.o(.ARM.Collect$$libinit$$00000032)
    .ARM.Collect$$libinit$$00000033          0x080001a6   Section        2  libinit2.o(.ARM.Collect$$libinit$$00000033)
    .ARM.Collect$$libshutdown$$00000000      0x080001a8   Section        2  libshutdown.o(.ARM.Collect$$libshutdown$$00000000)
    .ARM.Collect$$libshutdown$$00000002      0x080001aa   Section        0  libshutdown2.o(.ARM.Collect$$libshutdown$$00000002)
    .ARM.Collect$$libshutdown$$00000004      0x080001aa   Section        0  libshutdown2.o(.ARM.Collect$$libshutdown$$00000004)
    .ARM.Collect$$libshutdown$$00000007      0x080001aa   Section        0  libshutdown2.o(.ARM.Collect$$libshutdown$$00000007)
    .ARM.Collect$$libshutdown$$0000000A      0x080001aa   Section        0  libshutdown2.o(.ARM.Collect$$libshutdown$$0000000A)
    .ARM.Collect$$libshutdown$$0000000C      0x080001aa   Section        0  libshutdown2.o(.ARM.Collect$$libshutdown$$0000000C)
    .ARM.Collect$$libshutdown$$0000000F      0x080001aa   Section        0  libshutdown2.o(.ARM.Collect$$libshutdown$$0000000F)
    .ARM.Collect$$libshutdown$$00000010      0x080001aa   Section        2  libshutdown2.o(.ARM.Collect$$libshutdown$$00000010)
    .ARM.Collect$$rtentry$$00000000          0x080001ac   Section        0  __rtentry.o(.ARM.Collect$$rtentry$$00000000)
    .ARM.Collect$$rtentry$$00000002          0x080001ac   Section        0  __rtentry2.o(.ARM.Collect$$rtentry$$00000002)
    .ARM.Collect$$rtentry$$00000004          0x080001ac   Section        6  __rtentry4.o(.ARM.Collect$$rtentry$$00000004)
    .ARM.Collect$$rtentry$$00000009          0x080001b2   Section        0  __rtentry2.o(.ARM.Collect$$rtentry$$00000009)
    .ARM.Collect$$rtentry$$0000000A          0x080001b2   Section        4  __rtentry2.o(.ARM.Collect$$rtentry$$0000000A)
    .ARM.Collect$$rtentry$$0000000C          0x080001b6   Section        0  __rtentry2.o(.ARM.Collect$$rtentry$$0000000C)
    .ARM.Collect$$rtentry$$0000000D          0x080001b6   Section        8  __rtentry2.o(.ARM.Collect$$rtentry$$0000000D)
    .ARM.Collect$$rtexit$$00000000           0x080001be   Section        2  rtexit.o(.ARM.Collect$$rtexit$$00000000)
    .ARM.Collect$$rtexit$$00000002           0x080001c0   Section        0  rtexit2.o(.ARM.Collect$$rtexit$$00000002)
    .ARM.Collect$$rtexit$$00000003           0x080001c0   Section        4  rtexit2.o(.ARM.Collect$$rtexit$$00000003)
    .ARM.Collect$$rtexit$$00000004           0x080001c4   Section        6  rtexit2.o(.ARM.Collect$$rtexit$$00000004)
    .text                                    0x080001cc   Section       64  startup_stm32f10x_hd.o(.text)
    .text                                    0x0800020c   Section        0  heapauxi.o(.text)
    .text                                    0x08000212   Section       74  sys_stackheap_outer.o(.text)
    .text                                    0x0800025c   Section        0  exit.o(.text)
    .text                                    0x08000270   Section        8  libspace.o(.text)
    .text                                    0x08000278   Section        0  sys_exit.o(.text)
    .text                                    0x08000284   Section        2  use_no_semi.o(.text)
    .text                                    0x08000286   Section        0  indicate_semi.o(.text)
    i.BusFault_Handler                       0x08000286   Section        0  stm32f10x_it.o(i.BusFault_Handler)
    i.DebugMon_Handler                       0x0800028a   Section        0  stm32f10x_it.o(i.DebugMon_Handler)
    i.Delay                                  0x0800028c   Section        0  main.o(i.Delay)
    i.EIE3810_Buzzer_Init                    0x08000298   Section        0  eie3810_buzzer.o(i.EIE3810_Buzzer_Init)
    i.EIE3810_Buzzer_Off                     0x080002d4   Section        0  eie3810_buzzer.o(i.EIE3810_Buzzer_Off)
    i.EIE3810_Buzzer_On                      0x080002e8   Section        0  eie3810_buzzer.o(i.EIE3810_Buzzer_On)
    i.EIE3810_GameAgain                      0x080002fc   Section        0  eie3810_myown.o(i.EIE3810_GameAgain)
    i.EIE3810_Game_Init                      0x08000410   Section        0  eie3810_myown.o(i.EIE3810_Game_Init)
    i.EIE3810_Game_Run                       0x080005bc   Section        0  eie3810_myown.o(i.EIE3810_Game_Run)
    i.EIE3810_JOYPAD_Init                    0x08000a70   Section        0  eie3810_joypad.o(i.EIE3810_JOYPAD_Init)
    i.EIE3810_JOYPAD_Read                    0x08000ae0   Section        0  eie3810_joypad.o(i.EIE3810_JOYPAD_Read)
    i.EIE3810_KEY_Init                       0x08000b60   Section        0  eie3810_key.o(i.EIE3810_KEY_Init)
    i.EIE3810_KEY_Scan                       0x08000bc4   Section        0  eie3810_key.o(i.EIE3810_KEY_Scan)
    i.EIE3810_LED_Init                       0x08000c00   Section        0  eie3810_led.o(i.EIE3810_LED_Init)
    i.EIE3810_NVIC_SetPriorityGroup          0x08000c68   Section        0  eie3810_usart.o(i.EIE3810_NVIC_SetPriorityGroup)
    i.EIE3810_Read_Key0                      0x08000c90   Section        0  eie3810_key.o(i.EIE3810_Read_Key0)
    i.EIE3810_Read_Key1                      0x08000ca8   Section        0  eie3810_key.o(i.EIE3810_Read_Key1)
    i.EIE3810_Read_Key2                      0x08000cc0   Section        0  eie3810_key.o(i.EIE3810_Read_Key2)
    i.EIE3810_Read_KeyUp                     0x08000cd8   Section        0  eie3810_key.o(i.EIE3810_Read_KeyUp)
    i.EIE3810_Reflection_Judge               0x08000cf0   Section        0  eie3810_myown.o(i.EIE3810_Reflection_Judge)
    i.EIE3810_TFTLCD_Clear                   0x08000dd8   Section        0  eie3810_tftlcd.o(i.EIE3810_TFTLCD_Clear)
    i.EIE3810_TFTLCD_DrawDot                 0x08000e40   Section        0  eie3810_tftlcd.o(i.EIE3810_TFTLCD_DrawDot)
    i.EIE3810_TFTLCD_DrwaCircle              0x08000e8e   Section        0  eie3810_tftlcd.o(i.EIE3810_TFTLCD_DrwaCircle)
    i.EIE3810_TFTLCD_FillRectangle           0x08000fec   Section        0  eie3810_tftlcd.o(i.EIE3810_TFTLCD_FillRectangle)
    i.EIE3810_TFTLCD_Init                    0x08001098   Section        0  eie3810_tftlcd.o(i.EIE3810_TFTLCD_Init)
    i.EIE3810_TFTLCD_SetParameter            0x0800121c   Section        0  eie3810_tftlcd.o(i.EIE3810_TFTLCD_SetParameter)
    i.EIE3810_TFTLCD_SevenSegment            0x080020ec   Section        0  eie3810_tftlcd.o(i.EIE3810_TFTLCD_SevenSegment)
    i.EIE3810_TFTLCD_ShowChar                0x080021e8   Section        0  eie3810_tftlcd.o(i.EIE3810_TFTLCD_ShowChar)
    i.EIE3810_TFTLCD_ShowChar2412            0x08002304   Section        0  eie3810_tftlcd.o(i.EIE3810_TFTLCD_ShowChar2412)
    i.EIE3810_TFTLCD_ShowNum                 0x08002424   Section        0  eie3810_tftlcd.o(i.EIE3810_TFTLCD_ShowNum)
    i.EIE3810_TFTLCD_ShowString              0x08002450   Section        0  eie3810_tftlcd.o(i.EIE3810_TFTLCD_ShowString)
    i.EIE3810_TFTLCD_ShowString2412          0x0800248a   Section        0  eie3810_tftlcd.o(i.EIE3810_TFTLCD_ShowString2412)
    i.EIE3810_TFTLCD_WrCmd                   0x080024c4   Section        0  eie3810_tftlcd.o(i.EIE3810_TFTLCD_WrCmd)
    i.EIE3810_TFTLCD_WrCmdData               0x080024cc   Section        0  eie3810_tftlcd.o(i.EIE3810_TFTLCD_WrCmdData)
    i.EIE3810_TFTLCD_WrData                  0x080024dc   Section        0  eie3810_tftlcd.o(i.EIE3810_TFTLCD_WrData)
    i.EIE3810_TIM3_Init                      0x080024e8   Section        0  eie3810_timer.o(i.EIE3810_TIM3_Init)
    i.EIE3810_TIM4_Init                      0x08002558   Section        0  eie3810_timer.o(i.EIE3810_TIM4_Init)
    i.EIE3810_USART1_ExtiInit                0x080025b4   Section        0  eie3810_usart.o(i.EIE3810_USART1_ExtiInit)
    i.EIE3810_USART1_init                    0x080025d4   Section        0  eie3810_usart.o(i.EIE3810_USART1_init)
    i.EIE3810_USART2_ExtiInit                0x0800269c   Section        0  eie3810_usart.o(i.EIE3810_USART2_ExtiInit)
    i.EIE3810_clock_tree_init                0x080026bc   Section        0  eie3810_clock.o(i.EIE3810_clock_tree_init)
    i.First_Step                             0x08002780   Section        0  eie3810_myown.o(i.First_Step)
    i.Game_Countdown                         0x080028e4   Section        0  eie3810_myown.o(i.Game_Countdown)
    i.HardFault_Handler                      0x0800296c   Section        0  stm32f10x_it.o(i.HardFault_Handler)
    i.JOYPAD_Delay                           0x08002970   Section        0  eie3810_joypad.o(i.JOYPAD_Delay)
    i.MemManage_Handler                      0x0800297e   Section        0  stm32f10x_it.o(i.MemManage_Handler)
    i.NMI_Handler                            0x08002982   Section        0  stm32f10x_it.o(i.NMI_Handler)
    i.Need_Random_Value                      0x08002984   Section        0  eie3810_myown.o(i.Need_Random_Value)
    i.PendSV_Handler                         0x080029f4   Section        0  stm32f10x_it.o(i.PendSV_Handler)
    i.SVC_Handler                            0x080029f6   Section        0  stm32f10x_it.o(i.SVC_Handler)
    i.Second_Step                            0x080029f8   Section        0  eie3810_myown.o(i.Second_Step)
    i.SetSysClock                            0x08002ac4   Section        0  system_stm32f10x.o(i.SetSysClock)
    SetSysClock                              0x08002ac5   Thumb Code     8  system_stm32f10x.o(i.SetSysClock)
    i.SetSysClockTo72                        0x08002acc   Section        0  system_stm32f10x.o(i.SetSysClockTo72)
    SetSysClockTo72                          0x08002acd   Thumb Code   214  system_stm32f10x.o(i.SetSysClockTo72)
    i.Show_Random_Seed                       0x08002bac   Section        0  eie3810_myown.o(i.Show_Random_Seed)
    i.SysTick_Handler                        0x08002bc8   Section        0  stm32f10x_it.o(i.SysTick_Handler)
    i.SystemInit                             0x08002bcc   Section        0  system_stm32f10x.o(i.SystemInit)
    i.TIM3_IRQHandler                        0x08002c2c   Section        0  eie3810_timer.o(i.TIM3_IRQHandler)
    i.TIM4_IRQHandler                        0x08002cbc   Section        0  eie3810_timer.o(i.TIM4_IRQHandler)
    i.USART1_IRQHandler                      0x08002ce4   Section        0  eie3810_usart.o(i.USART1_IRQHandler)
    i.USART2_IRQHandler                      0x08002d34   Section        0  eie3810_usart.o(i.USART2_IRQHandler)
    i.UsageFault_Handler                     0x08002d84   Section        0  stm32f10x_it.o(i.UsageFault_Handler)
    i.main                                   0x08002d88   Section        0  main.o(i.main)
    x$fpl$fadd                               0x08002e2c   Section      196  faddsub_clz.o(x$fpl$fadd)
    _fadd1                                   0x08002e3b   Thumb Code     0  faddsub_clz.o(x$fpl$fadd)
    x$fpl$fdiv                               0x08002ef0   Section      388  fdiv.o(x$fpl$fdiv)
    _fdiv1                                   0x08002ef1   Thumb Code     0  fdiv.o(x$fpl$fdiv)
    x$fpl$ffixu                              0x08003074   Section       62  ffixu.o(x$fpl$ffixu)
    x$fpl$ffltu                              0x080030b4   Section       38  fflt_clz.o(x$fpl$ffltu)
    x$fpl$fmul                               0x080030dc   Section      258  fmul.o(x$fpl$fmul)
    x$fpl$fnaninf                            0x080031de   Section      140  fnaninf.o(x$fpl$fnaninf)
    x$fpl$fretinf                            0x0800326a   Section       10  fretinf.o(x$fpl$fretinf)
    x$fpl$frsb                               0x08003274   Section       20  faddsub_clz.o(x$fpl$frsb)
    x$fpl$fsub                               0x08003288   Section      234  faddsub_clz.o(x$fpl$fsub)
    _fsub1                                   0x08003297   Thumb Code     0  faddsub_clz.o(x$fpl$fsub)
    .constdata                               0x08003372   Section     6080  eie3810_tftlcd.o(.constdata)
    x$fpl$usenofp                            0x08003372   Section        0  usenofp.o(x$fpl$usenofp)
    .data                                    0x20000000   Section        4  eie3810_usart.o(.data)
    .data                                    0x20000004   Section       12  eie3810_timer.o(.data)
    j                                        0x2000000c   Data           4  eie3810_timer.o(.data)
    .data                                    0x20000010   Section       10  eie3810_tftlcd.o(.data)
    .data                                    0x2000001c   Section      139  eie3810_myown.o(.data)
    j                                        0x20000088   Data           4  eie3810_myown.o(.data)
    k                                        0x2000008c   Data           4  eie3810_myown.o(.data)
    m                                        0x20000090   Data           4  eie3810_myown.o(.data)
    Need_Count                               0x20000094   Data           1  eie3810_myown.o(.data)
    m                                        0x20000098   Data           4  eie3810_myown.o(.data)
    Key_Count                                0x2000009c   Data           4  eie3810_myown.o(.data)
    Key_Check                                0x200000a0   Data           1  eie3810_myown.o(.data)
    Count                                    0x200000a1   Data           1  eie3810_myown.o(.data)
    String_BeepFlag                          0x200000a2   Data           1  eie3810_myown.o(.data)
    x_keep                                   0x200000a4   Data           2  eie3810_myown.o(.data)
    Show_Count                               0x200000a6   Data           1  eie3810_myown.o(.data)
    .bss                                     0x200000a8   Section      200  eie3810_usart.o(.bss)
    .bss                                     0x20000170   Section       96  libspace.o(.bss)
    HEAP                                     0x200001d0   Section      512  startup_stm32f10x_hd.o(HEAP)
    Heap_Mem                                 0x200001d0   Data         512  startup_stm32f10x_hd.o(HEAP)
    STACK                                    0x200003d0   Section     1024  startup_stm32f10x_hd.o(STACK)
    Stack_Mem                                0x200003d0   Data        1024  startup_stm32f10x_hd.o(STACK)
    __initial_sp                             0x200007d0   Data           0  startup_stm32f10x_hd.o(STACK)

    Global Symbols

    Symbol Name                              Value     Ov Type        Size  Object(Section)

    BuildAttributes$$THM_ISAv4$P$D$K$B$S$PE$A:L22UL41UL21$X:L11$S22US41US21$IEEE1$IW$USESV6$~STKCKD$USESV7$~SHL$OSPACE$ROPI$EBA8$UX$STANDARDLIB$REQ8$PRES8$EABIv2 0x00000000   Number         0  anon$$obj.o ABSOLUTE
    __ARM_use_no_argv                        0x00000000   Number         0  main.o ABSOLUTE
    __ARM_exceptions_init                     - Undefined Weak Reference
    __alloca_initialize                       - Undefined Weak Reference
    __arm_preinit_                            - Undefined Weak Reference
    __cpp_initialize__aeabi_                  - Undefined Weak Reference
    __cxa_finalize                            - Undefined Weak Reference
    __rt_locale                               - Undefined Weak Reference
    __sigvec_lookup                           - Undefined Weak Reference
    _atexit_init                              - Undefined Weak Reference
    _call_atexit_fns                          - Undefined Weak Reference
    _clock_init                               - Undefined Weak Reference
    _fp_trap_init                             - Undefined Weak Reference
    _fp_trap_shutdown                         - Undefined Weak Reference
    _get_lc_collate                           - Undefined Weak Reference
    _get_lc_ctype                             - Undefined Weak Reference
    _get_lc_monetary                          - Undefined Weak Reference
    _get_lc_numeric                           - Undefined Weak Reference
    _get_lc_time                              - Undefined Weak Reference
    _getenv_init                              - Undefined Weak Reference
    _handle_redirection                       - Undefined Weak Reference
    _init_alloc                               - Undefined Weak Reference
    _init_user_alloc                          - Undefined Weak Reference
    _initio                                   - Undefined Weak Reference
    _rand_init                                - Undefined Weak Reference
    _signal_finish                            - Undefined Weak Reference
    _signal_init                              - Undefined Weak Reference
    _terminate_alloc                          - Undefined Weak Reference
    _terminate_user_alloc                     - Undefined Weak Reference
    _terminateio                              - Undefined Weak Reference
    __Vectors_Size                           0x00000130   Number         0  startup_stm32f10x_hd.o ABSOLUTE
    __Vectors                                0x08000000   Data           4  startup_stm32f10x_hd.o(RESET)
    __Vectors_End                            0x08000130   Data           0  startup_stm32f10x_hd.o(RESET)
    __main                                   0x08000131   Thumb Code     8  __main.o(!!!main)
    __scatterload                            0x08000139   Thumb Code     0  __scatter.o(!!!scatter)
    __scatterload_rt2                        0x08000139   Thumb Code    44  __scatter.o(!!!scatter)
    __scatterload_rt2_thumb_only             0x08000139   Thumb Code     0  __scatter.o(!!!scatter)
    __scatterload_null                       0x08000147   Thumb Code     0  __scatter.o(!!!scatter)
    __scatterload_copy                       0x0800016d   Thumb Code    26  __scatter_copy.o(!!handler_copy)
    __scatterload_zeroinit                   0x08000189   Thumb Code    28  __scatter_zi.o(!!handler_zi)
    __rt_lib_init                            0x080001a5   Thumb Code     0  libinit.o(.ARM.Collect$$libinit$$00000000)
    __rt_lib_init_alloca_1                   0x080001a7   Thumb Code     0  libinit2.o(.ARM.Collect$$libinit$$0000002E)
    __rt_lib_init_argv_1                     0x080001a7   Thumb Code     0  libinit2.o(.ARM.Collect$$libinit$$0000002C)
    __rt_lib_init_atexit_1                   0x080001a7   Thumb Code     0  libinit2.o(.ARM.Collect$$libinit$$0000001B)
    __rt_lib_init_clock_1                    0x080001a7   Thumb Code     0  libinit2.o(.ARM.Collect$$libinit$$00000021)
    __rt_lib_init_cpp_1                      0x080001a7   Thumb Code     0  libinit2.o(.ARM.Collect$$libinit$$00000032)
    __rt_lib_init_exceptions_1               0x080001a7   Thumb Code     0  libinit2.o(.ARM.Collect$$libinit$$00000030)
    __rt_lib_init_fp_1                       0x080001a7   Thumb Code     0  libinit2.o(.ARM.Collect$$libinit$$00000002)
    __rt_lib_init_fp_trap_1                  0x080001a7   Thumb Code     0  libinit2.o(.ARM.Collect$$libinit$$0000001F)
    __rt_lib_init_getenv_1                   0x080001a7   Thumb Code     0  libinit2.o(.ARM.Collect$$libinit$$00000023)
    __rt_lib_init_heap_1                     0x080001a7   Thumb Code     0  libinit2.o(.ARM.Collect$$libinit$$0000000A)
    __rt_lib_init_lc_collate_1               0x080001a7   Thumb Code     0  libinit2.o(.ARM.Collect$$libinit$$00000011)
    __rt_lib_init_lc_ctype_1                 0x080001a7   Thumb Code     0  libinit2.o(.ARM.Collect$$libinit$$00000013)
    __rt_lib_init_lc_monetary_1              0x080001a7   Thumb Code     0  libinit2.o(.ARM.Collect$$libinit$$00000015)
    __rt_lib_init_lc_numeric_1               0x080001a7   Thumb Code     0  libinit2.o(.ARM.Collect$$libinit$$00000017)
    __rt_lib_init_lc_time_1                  0x080001a7   Thumb Code     0  libinit2.o(.ARM.Collect$$libinit$$00000019)
    __rt_lib_init_preinit_1                  0x080001a7   Thumb Code     0  libinit2.o(.ARM.Collect$$libinit$$00000004)
    __rt_lib_init_rand_1                     0x080001a7   Thumb Code     0  libinit2.o(.ARM.Collect$$libinit$$0000000E)
    __rt_lib_init_return                     0x080001a7   Thumb Code     0  libinit2.o(.ARM.Collect$$libinit$$00000033)
    __rt_lib_init_signal_1                   0x080001a7   Thumb Code     0  libinit2.o(.ARM.Collect$$libinit$$0000001D)
    __rt_lib_init_stdio_1                    0x080001a7   Thumb Code     0  libinit2.o(.ARM.Collect$$libinit$$00000025)
    __rt_lib_init_user_alloc_1               0x080001a7   Thumb Code     0  libinit2.o(.ARM.Collect$$libinit$$0000000C)
    __rt_lib_shutdown                        0x080001a9   Thumb Code     0  libshutdown.o(.ARM.Collect$$libshutdown$$00000000)
    __rt_lib_shutdown_cpp_1                  0x080001ab   Thumb Code     0  libshutdown2.o(.ARM.Collect$$libshutdown$$00000002)
    __rt_lib_shutdown_fp_trap_1              0x080001ab   Thumb Code     0  libshutdown2.o(.ARM.Collect$$libshutdown$$00000007)
    __rt_lib_shutdown_heap_1                 0x080001ab   Thumb Code     0  libshutdown2.o(.ARM.Collect$$libshutdown$$0000000F)
    __rt_lib_shutdown_return                 0x080001ab   Thumb Code     0  libshutdown2.o(.ARM.Collect$$libshutdown$$00000010)
    __rt_lib_shutdown_signal_1               0x080001ab   Thumb Code     0  libshutdown2.o(.ARM.Collect$$libshutdown$$0000000A)
    __rt_lib_shutdown_stdio_1                0x080001ab   Thumb Code     0  libshutdown2.o(.ARM.Collect$$libshutdown$$00000004)
    __rt_lib_shutdown_user_alloc_1           0x080001ab   Thumb Code     0  libshutdown2.o(.ARM.Collect$$libshutdown$$0000000C)
    __rt_entry                               0x080001ad   Thumb Code     0  __rtentry.o(.ARM.Collect$$rtentry$$00000000)
    __rt_entry_presh_1                       0x080001ad   Thumb Code     0  __rtentry2.o(.ARM.Collect$$rtentry$$00000002)
    __rt_entry_sh                            0x080001ad   Thumb Code     0  __rtentry4.o(.ARM.Collect$$rtentry$$00000004)
    __rt_entry_li                            0x080001b3   Thumb Code     0  __rtentry2.o(.ARM.Collect$$rtentry$$0000000A)
    __rt_entry_postsh_1                      0x080001b3   Thumb Code     0  __rtentry2.o(.ARM.Collect$$rtentry$$00000009)
    __rt_entry_main                          0x080001b7   Thumb Code     0  __rtentry2.o(.ARM.Collect$$rtentry$$0000000D)
    __rt_entry_postli_1                      0x080001b7   Thumb Code     0  __rtentry2.o(.ARM.Collect$$rtentry$$0000000C)
    __rt_exit                                0x080001bf   Thumb Code     0  rtexit.o(.ARM.Collect$$rtexit$$00000000)
    __rt_exit_ls                             0x080001c1   Thumb Code     0  rtexit2.o(.ARM.Collect$$rtexit$$00000003)
    __rt_exit_prels_1                        0x080001c1   Thumb Code     0  rtexit2.o(.ARM.Collect$$rtexit$$00000002)
    __rt_exit_exit                           0x080001c5   Thumb Code     0  rtexit2.o(.ARM.Collect$$rtexit$$00000004)
    Reset_Handler                            0x080001cd   Thumb Code     8  startup_stm32f10x_hd.o(.text)
    ADC1_2_IRQHandler                        0x080001e7   Thumb Code     0  startup_stm32f10x_hd.o(.text)
    ADC3_IRQHandler                          0x080001e7   Thumb Code     0  startup_stm32f10x_hd.o(.text)
    CAN1_RX1_IRQHandler                      0x080001e7   Thumb Code     0  startup_stm32f10x_hd.o(.text)
    CAN1_SCE_IRQHandler                      0x080001e7   Thumb Code     0  startup_stm32f10x_hd.o(.text)
    DMA1_Channel1_IRQHandler                 0x080001e7   Thumb Code     0  startup_stm32f10x_hd.o(.text)
    DMA1_Channel2_IRQHandler                 0x080001e7   Thumb Code     0  startup_stm32f10x_hd.o(.text)
    DMA1_Channel3_IRQHandler                 0x080001e7   Thumb Code     0  startup_stm32f10x_hd.o(.text)
    DMA1_Channel4_IRQHandler                 0x080001e7   Thumb Code     0  startup_stm32f10x_hd.o(.text)
    DMA1_Channel5_IRQHandler                 0x080001e7   Thumb Code     0  startup_stm32f10x_hd.o(.text)
    DMA1_Channel6_IRQHandler                 0x080001e7   Thumb Code     0  startup_stm32f10x_hd.o(.text)
    DMA1_Channel7_IRQHandler                 0x080001e7   Thumb Code     0  startup_stm32f10x_hd.o(.text)
    DMA2_Channel1_IRQHandler                 0x080001e7   Thumb Code     0  startup_stm32f10x_hd.o(.text)
    DMA2_Channel2_IRQHandler                 0x080001e7   Thumb Code     0  startup_stm32f10x_hd.o(.text)
    DMA2_Channel3_IRQHandler                 0x080001e7   Thumb Code     0  startup_stm32f10x_hd.o(.text)
    DMA2_Channel4_5_IRQHandler               0x080001e7   Thumb Code     0  startup_stm32f10x_hd.o(.text)
    EXTI0_IRQHandler                         0x080001e7   Thumb Code     0  startup_stm32f10x_hd.o(.text)
    EXTI15_10_IRQHandler                     0x080001e7   Thumb Code     0  startup_stm32f10x_hd.o(.text)
    EXTI1_IRQHandler                         0x080001e7   Thumb Code     0  startup_stm32f10x_hd.o(.text)
    EXTI2_IRQHandler                         0x080001e7   Thumb Code     0  startup_stm32f10x_hd.o(.text)
    EXTI3_IRQHandler                         0x080001e7   Thumb Code     0  startup_stm32f10x_hd.o(.text)
    EXTI4_IRQHandler                         0x080001e7   Thumb Code     0  startup_stm32f10x_hd.o(.text)
    EXTI9_5_IRQHandler                       0x080001e7   Thumb Code     0  startup_stm32f10x_hd.o(.text)
    FLASH_IRQHandler                         0x080001e7   Thumb Code     0  startup_stm32f10x_hd.o(.text)
    FSMC_IRQHandler                          0x080001e7   Thumb Code     0  startup_stm32f10x_hd.o(.text)
    I2C1_ER_IRQHandler                       0x080001e7   Thumb Code     0  startup_stm32f10x_hd.o(.text)
    I2C1_EV_IRQHandler                       0x080001e7   Thumb Code     0  startup_stm32f10x_hd.o(.text)
    I2C2_ER_IRQHandler                       0x080001e7   Thumb Code     0  startup_stm32f10x_hd.o(.text)
    I2C2_EV_IRQHandler                       0x080001e7   Thumb Code     0  startup_stm32f10x_hd.o(.text)
    PVD_IRQHandler                           0x080001e7   Thumb Code     0  startup_stm32f10x_hd.o(.text)
    RCC_IRQHandler                           0x080001e7   Thumb Code     0  startup_stm32f10x_hd.o(.text)
    RTCAlarm_IRQHandler                      0x080001e7   Thumb Code     0  startup_stm32f10x_hd.o(.text)
    RTC_IRQHandler                           0x080001e7   Thumb Code     0  startup_stm32f10x_hd.o(.text)
    SDIO_IRQHandler                          0x080001e7   Thumb Code     0  startup_stm32f10x_hd.o(.text)
    SPI1_IRQHandler                          0x080001e7   Thumb Code     0  startup_stm32f10x_hd.o(.text)
    SPI2_IRQHandler                          0x080001e7   Thumb Code     0  startup_stm32f10x_hd.o(.text)
    SPI3_IRQHandler                          0x080001e7   Thumb Code     0  startup_stm32f10x_hd.o(.text)
    TAMPER_IRQHandler                        0x080001e7   Thumb Code     0  startup_stm32f10x_hd.o(.text)
    TIM1_BRK_IRQHandler                      0x080001e7   Thumb Code     0  startup_stm32f10x_hd.o(.text)
    TIM1_CC_IRQHandler                       0x080001e7   Thumb Code     0  startup_stm32f10x_hd.o(.text)
    TIM1_TRG_COM_IRQHandler                  0x080001e7   Thumb Code     0  startup_stm32f10x_hd.o(.text)
    TIM1_UP_IRQHandler                       0x080001e7   Thumb Code     0  startup_stm32f10x_hd.o(.text)
    TIM2_IRQHandler                          0x080001e7   Thumb Code     0  startup_stm32f10x_hd.o(.text)
    TIM5_IRQHandler                          0x080001e7   Thumb Code     0  startup_stm32f10x_hd.o(.text)
    TIM6_IRQHandler                          0x080001e7   Thumb Code     0  startup_stm32f10x_hd.o(.text)
    TIM7_IRQHandler                          0x080001e7   Thumb Code     0  startup_stm32f10x_hd.o(.text)
    TIM8_BRK_IRQHandler                      0x080001e7   Thumb Code     0  startup_stm32f10x_hd.o(.text)
    TIM8_CC_IRQHandler                       0x080001e7   Thumb Code     0  startup_stm32f10x_hd.o(.text)
    TIM8_TRG_COM_IRQHandler                  0x080001e7   Thumb Code     0  startup_stm32f10x_hd.o(.text)
    TIM8_UP_IRQHandler                       0x080001e7   Thumb Code     0  startup_stm32f10x_hd.o(.text)
    UART4_IRQHandler                         0x080001e7   Thumb Code     0  startup_stm32f10x_hd.o(.text)
    UART5_IRQHandler                         0x080001e7   Thumb Code     0  startup_stm32f10x_hd.o(.text)
    USART3_IRQHandler                        0x080001e7   Thumb Code     0  startup_stm32f10x_hd.o(.text)
    USBWakeUp_IRQHandler                     0x080001e7   Thumb Code     0  startup_stm32f10x_hd.o(.text)
    USB_HP_CAN1_TX_IRQHandler                0x080001e7   Thumb Code     0  startup_stm32f10x_hd.o(.text)
    USB_LP_CAN1_RX0_IRQHandler               0x080001e7   Thumb Code     0  startup_stm32f10x_hd.o(.text)
    WWDG_IRQHandler                          0x080001e7   Thumb Code     0  startup_stm32f10x_hd.o(.text)
    __user_initial_stackheap                 0x080001e9   Thumb Code     0  startup_stm32f10x_hd.o(.text)
    __use_two_region_memory                  0x0800020d   Thumb Code     2  heapauxi.o(.text)
    __rt_heap_escrow$2region                 0x0800020f   Thumb Code     2  heapauxi.o(.text)
    __rt_heap_expand$2region                 0x08000211   Thumb Code     2  heapauxi.o(.text)
    __user_setup_stackheap                   0x08000213   Thumb Code    74  sys_stackheap_outer.o(.text)
    exit                                     0x0800025d   Thumb Code    18  exit.o(.text)
    __user_libspace                          0x08000271   Thumb Code     8  libspace.o(.text)
    __user_perproc_libspace                  0x08000271   Thumb Code     0  libspace.o(.text)
    __user_perthread_libspace                0x08000271   Thumb Code     0  libspace.o(.text)
    _sys_exit                                0x08000279   Thumb Code     8  sys_exit.o(.text)
    __I$use$semihosting                      0x08000285   Thumb Code     0  use_no_semi.o(.text)
    __use_no_semihosting_swi                 0x08000285   Thumb Code     2  use_no_semi.o(.text)
    BusFault_Handler                         0x08000287   Thumb Code     4  stm32f10x_it.o(i.BusFault_Handler)
    __semihosting_library_function           0x08000287   Thumb Code     0  indicate_semi.o(.text)
    DebugMon_Handler                         0x0800028b   Thumb Code     2  stm32f10x_it.o(i.DebugMon_Handler)
    Delay                                    0x0800028d   Thumb Code    12  main.o(i.Delay)
    EIE3810_Buzzer_Init                      0x08000299   Thumb Code    52  eie3810_buzzer.o(i.EIE3810_Buzzer_Init)
    EIE3810_Buzzer_Off                       0x080002d5   Thumb Code    14  eie3810_buzzer.o(i.EIE3810_Buzzer_Off)
    EIE3810_Buzzer_On                        0x080002e9   Thumb Code    14  eie3810_buzzer.o(i.EIE3810_Buzzer_On)
    EIE3810_GameAgain                        0x080002fd   Thumb Code   202  eie3810_myown.o(i.EIE3810_GameAgain)
    EIE3810_Game_Init                        0x08000411   Thumb Code   246  eie3810_myown.o(i.EIE3810_Game_Init)
    EIE3810_Game_Run                         0x080005bd   Thumb Code  1184  eie3810_myown.o(i.EIE3810_Game_Run)
    EIE3810_JOYPAD_Init                      0x08000a71   Thumb Code   100  eie3810_joypad.o(i.EIE3810_JOYPAD_Init)
    EIE3810_JOYPAD_Read                      0x08000ae1   Thumb Code   120  eie3810_joypad.o(i.EIE3810_JOYPAD_Read)
    EIE3810_KEY_Init                         0x08000b61   Thumb Code    78  eie3810_key.o(i.EIE3810_KEY_Init)
    EIE3810_KEY_Scan                         0x08000bc5   Thumb Code    52  eie3810_key.o(i.EIE3810_KEY_Scan)
    EIE3810_LED_Init                         0x08000c01   Thumb Code    90  eie3810_led.o(i.EIE3810_LED_Init)
    EIE3810_NVIC_SetPriorityGroup            0x08000c69   Thumb Code    30  eie3810_usart.o(i.EIE3810_NVIC_SetPriorityGroup)
    EIE3810_Read_Key0                        0x08000c91   Thumb Code    18  eie3810_key.o(i.EIE3810_Read_Key0)
    EIE3810_Read_Key1                        0x08000ca9   Thumb Code    18  eie3810_key.o(i.EIE3810_Read_Key1)
    EIE3810_Read_Key2                        0x08000cc1   Thumb Code    18  eie3810_key.o(i.EIE3810_Read_Key2)
    EIE3810_Read_KeyUp                       0x08000cd9   Thumb Code    18  eie3810_key.o(i.EIE3810_Read_KeyUp)
    EIE3810_Reflection_Judge                 0x08000cf1   Thumb Code   192  eie3810_myown.o(i.EIE3810_Reflection_Judge)
    EIE3810_TFTLCD_Clear                     0x08000dd9   Thumb Code    98  eie3810_tftlcd.o(i.EIE3810_TFTLCD_Clear)
    EIE3810_TFTLCD_DrawDot                   0x08000e41   Thumb Code    78  eie3810_tftlcd.o(i.EIE3810_TFTLCD_DrawDot)
    EIE3810_TFTLCD_DrwaCircle                0x08000e8f   Thumb Code   350  eie3810_tftlcd.o(i.EIE3810_TFTLCD_DrwaCircle)
    EIE3810_TFTLCD_FillRectangle             0x08000fed   Thumb Code   172  eie3810_tftlcd.o(i.EIE3810_TFTLCD_FillRectangle)
    EIE3810_TFTLCD_Init                      0x08001099   Thumb Code   350  eie3810_tftlcd.o(i.EIE3810_TFTLCD_Init)
    EIE3810_TFTLCD_SetParameter              0x0800121d   Thumb Code  3786  eie3810_tftlcd.o(i.EIE3810_TFTLCD_SetParameter)
    EIE3810_TFTLCD_SevenSegment              0x080020ed   Thumb Code   246  eie3810_tftlcd.o(i.EIE3810_TFTLCD_SevenSegment)
    EIE3810_TFTLCD_ShowChar                  0x080021e9   Thumb Code   280  eie3810_tftlcd.o(i.EIE3810_TFTLCD_ShowChar)
    EIE3810_TFTLCD_ShowChar2412              0x08002305   Thumb Code   284  eie3810_tftlcd.o(i.EIE3810_TFTLCD_ShowChar2412)
    EIE3810_TFTLCD_ShowNum                   0x08002425   Thumb Code    44  eie3810_tftlcd.o(i.EIE3810_TFTLCD_ShowNum)
    EIE3810_TFTLCD_ShowString                0x08002451   Thumb Code    58  eie3810_tftlcd.o(i.EIE3810_TFTLCD_ShowString)
    EIE3810_TFTLCD_ShowString2412            0x0800248b   Thumb Code    58  eie3810_tftlcd.o(i.EIE3810_TFTLCD_ShowString2412)
    EIE3810_TFTLCD_WrCmd                     0x080024c5   Thumb Code     8  eie3810_tftlcd.o(i.EIE3810_TFTLCD_WrCmd)
    EIE3810_TFTLCD_WrCmdData                 0x080024cd   Thumb Code    12  eie3810_tftlcd.o(i.EIE3810_TFTLCD_WrCmdData)
    EIE3810_TFTLCD_WrData                    0x080024dd   Thumb Code     6  eie3810_tftlcd.o(i.EIE3810_TFTLCD_WrData)
    EIE3810_TIM3_Init                        0x080024e9   Thumb Code    86  eie3810_timer.o(i.EIE3810_TIM3_Init)
    EIE3810_TIM4_Init                        0x08002559   Thumb Code    76  eie3810_timer.o(i.EIE3810_TIM4_Init)
    EIE3810_USART1_ExtiInit                  0x080025b5   Thumb Code    24  eie3810_usart.o(i.EIE3810_USART1_ExtiInit)
    EIE3810_USART1_init                      0x080025d5   Thumb Code   180  eie3810_usart.o(i.EIE3810_USART1_init)
    EIE3810_USART2_ExtiInit                  0x0800269d   Thumb Code    24  eie3810_usart.o(i.EIE3810_USART2_ExtiInit)
    EIE3810_clock_tree_init                  0x080026bd   Thumb Code   186  eie3810_clock.o(i.EIE3810_clock_tree_init)
    First_Step                               0x08002781   Thumb Code   284  eie3810_myown.o(i.First_Step)
    Game_Countdown                           0x080028e5   Thumb Code   118  eie3810_myown.o(i.Game_Countdown)
    HardFault_Handler                        0x0800296d   Thumb Code     4  stm32f10x_it.o(i.HardFault_Handler)
    JOYPAD_Delay                             0x08002971   Thumb Code    14  eie3810_joypad.o(i.JOYPAD_Delay)
    MemManage_Handler                        0x0800297f   Thumb Code     4  stm32f10x_it.o(i.MemManage_Handler)
    NMI_Handler                              0x08002983   Thumb Code     2  stm32f10x_it.o(i.NMI_Handler)
    Need_Random_Value                        0x08002985   Thumb Code    66  eie3810_myown.o(i.Need_Random_Value)
    PendSV_Handler                           0x080029f5   Thumb Code     2  stm32f10x_it.o(i.PendSV_Handler)
    SVC_Handler                              0x080029f7   Thumb Code     2  stm32f10x_it.o(i.SVC_Handler)
    Second_Step                              0x080029f9   Thumb Code   132  eie3810_myown.o(i.Second_Step)
    Show_Random_Seed                         0x08002bad   Thumb Code    20  eie3810_myown.o(i.Show_Random_Seed)
    SysTick_Handler                          0x08002bc9   Thumb Code     2  stm32f10x_it.o(i.SysTick_Handler)
    SystemInit                               0x08002bcd   Thumb Code    78  system_stm32f10x.o(i.SystemInit)
    TIM3_IRQHandler                          0x08002c2d   Thumb Code   110  eie3810_timer.o(i.TIM3_IRQHandler)
    TIM4_IRQHandler                          0x08002cbd   Thumb Code    30  eie3810_timer.o(i.TIM4_IRQHandler)
    USART1_IRQHandler                        0x08002ce5   Thumb Code    58  eie3810_usart.o(i.USART1_IRQHandler)
    USART2_IRQHandler                        0x08002d35   Thumb Code    58  eie3810_usart.o(i.USART2_IRQHandler)
    UsageFault_Handler                       0x08002d85   Thumb Code     4  stm32f10x_it.o(i.UsageFault_Handler)
    main                                     0x08002d89   Thumb Code   142  main.o(i.main)
    __aeabi_fadd                             0x08002e2d   Thumb Code     0  faddsub_clz.o(x$fpl$fadd)
    _fadd                                    0x08002e2d   Thumb Code   196  faddsub_clz.o(x$fpl$fadd)
    __aeabi_fdiv                             0x08002ef1   Thumb Code     0  fdiv.o(x$fpl$fdiv)
    _fdiv                                    0x08002ef1   Thumb Code   384  fdiv.o(x$fpl$fdiv)
    __aeabi_f2uiz                            0x08003075   Thumb Code     0  ffixu.o(x$fpl$ffixu)
    _ffixu                                   0x08003075   Thumb Code    62  ffixu.o(x$fpl$ffixu)
    __aeabi_ui2f                             0x080030b5   Thumb Code     0  fflt_clz.o(x$fpl$ffltu)
    _ffltu                                   0x080030b5   Thumb Code    38  fflt_clz.o(x$fpl$ffltu)
    __aeabi_fmul                             0x080030dd   Thumb Code     0  fmul.o(x$fpl$fmul)
    _fmul                                    0x080030dd   Thumb Code   258  fmul.o(x$fpl$fmul)
    __fpl_fnaninf                            0x080031df   Thumb Code   140  fnaninf.o(x$fpl$fnaninf)
    __fpl_fretinf                            0x0800326b   Thumb Code    10  fretinf.o(x$fpl$fretinf)
    __aeabi_frsub                            0x08003275   Thumb Code     0  faddsub_clz.o(x$fpl$frsb)
    _frsb                                    0x08003275   Thumb Code    20  faddsub_clz.o(x$fpl$frsb)
    __aeabi_fsub                             0x08003289   Thumb Code     0  faddsub_clz.o(x$fpl$fsub)
    _fsub                                    0x08003289   Thumb Code   234  faddsub_clz.o(x$fpl$fsub)
    __I$use$fp                               0x08003372   Number         0  usenofp.o(x$fpl$usenofp)
    asc2_1206                                0x08003372   Data        1140  eie3810_tftlcd.o(.constdata)
    asc2_1608                                0x080037e6   Data        1520  eie3810_tftlcd.o(.constdata)
    asc2_2412                                0x08003dd6   Data        3420  eie3810_tftlcd.o(.constdata)
    Region$$Table$$Base                      0x08004b34   Number         0  anon$$obj.o(Region$$Table)
    Region$$Table$$Limit                     0x08004b54   Number         0  anon$$obj.o(Region$$Table)
    USART1_Length                            0x20000000   Data           1  eie3810_usart.o(.data)
    USART1_RX_FinishFlag                     0x20000001   Data           1  eie3810_usart.o(.data)
    USART2_Length                            0x20000002   Data           1  eie3810_usart.o(.data)
    USART2_RX_FinishFlag                     0x20000003   Data           1  eie3810_usart.o(.data)
    Timer10ms_Flag                           0x20000004   Data           1  eie3810_timer.o(.data)
    Timer100ms_Flag                          0x20000005   Data           1  eie3810_timer.o(.data)
    Timer1000ms_Flag                         0x20000006   Data           1  eie3810_timer.o(.data)
    Usart1_CountDown                         0x20000007   Data           1  eie3810_timer.o(.data)
    Usart2_CountDown                         0x20000008   Data           1  eie3810_timer.o(.data)
    seven_table                              0x20000010   Data          10  eie3810_tftlcd.o(.data)
    Timer1s_Flag                             0x2000001c   Data           1  eie3810_myown.o(.data)
    Game_InitFlag                            0x2000001d   Data           1  eie3810_myown.o(.data)
    Role_Server                              0x2000001e   Data           1  eie3810_myown.o(.data)
    Role_Catcher                             0x2000001f   Data           1  eie3810_myown.o(.data)
    Easy_Level                               0x20000020   Data           1  eie3810_myown.o(.data)
    Hard_Level                               0x20000021   Data           1  eie3810_myown.o(.data)
    First_StepFlag                           0x20000022   Data           1  eie3810_myown.o(.data)
    Second_StepFlag                          0x20000023   Data           1  eie3810_myown.o(.data)
    Get_RandomFlag                           0x20000024   Data           1  eie3810_myown.o(.data)
    Game_RunFlag                             0x20000025   Data           1  eie3810_myown.o(.data)
    Game_OverFlag                            0x20000026   Data           1  eie3810_myown.o(.data)
    Game_RunningFlag                         0x20000027   Data           1  eie3810_myown.o(.data)
    Game_StoppingFlag                        0x20000028   Data           1  eie3810_myown.o(.data)
    Game_Stop_Restart                        0x20000029   Data           1  eie3810_myown.o(.data)
    Game_Stop_Exit                           0x2000002a   Data           1  eie3810_myown.o(.data)
    Need_Random_Flag                         0x2000002b   Data           1  eie3810_myown.o(.data)
    Show_Random_Flag                         0x2000002c   Data           1  eie3810_myown.o(.data)
    Launch_Ball_Flag                         0x2000002d   Data           1  eie3810_myown.o(.data)
    Game_TitleFlag_Beep                      0x2000002e   Data           1  eie3810_myown.o(.data)
    Game_InitFlag_Beep_Step2                 0x2000002f   Data           1  eie3810_myown.o(.data)
    Temp                                     0x20000030   Data           2  eie3810_myown.o(.data)
    Cursor_x                                 0x20000032   Data           2  eie3810_myown.o(.data)
    Cursor_y                                 0x20000034   Data           2  eie3810_myown.o(.data)
    Key_value                                0x20000036   Data           1  eie3810_myown.o(.data)
    Cursor_x2                                0x20000038   Data           2  eie3810_myown.o(.data)
    Cursor_y2                                0x2000003a   Data           2  eie3810_myown.o(.data)
    Joypad_value                             0x2000003c   Data           1  eie3810_myown.o(.data)
    x_speed                                  0x2000003e   Data           2  eie3810_myown.o(.data)
    y_speed                                  0x20000040   Data           2  eie3810_myown.o(.data)
    x_move                                   0x20000042   Data           2  eie3810_myown.o(.data)
    y_move                                   0x20000044   Data           2  eie3810_myown.o(.data)
    speed                                    0x20000046   Data          32  eie3810_myown.o(.data)
    Game_Round_Record                        0x20000066   Data           1  eie3810_myown.o(.data)
    Game_Time_Using                          0x20000068   Data           4  eie3810_myown.o(.data)
    Game_Time_1s                             0x2000006c   Data           1  eie3810_myown.o(.data)
    Game_Time_1mins                          0x2000006d   Data           1  eie3810_myown.o(.data)
    Game_Count_Down_Flag                     0x2000006e   Data           1  eie3810_myown.o(.data)
    string                                   0x2000006f   Data          24  eie3810_myown.o(.data)
    Usart1_Buffer                            0x200000a8   Data         100  eie3810_usart.o(.bss)
    Usart2_Buffer                            0x2000010c   Data         100  eie3810_usart.o(.bss)
    __libspace_start                         0x20000170   Data          96  libspace.o(.bss)
    __temporary_stack_top$libspace           0x200001d0   Data           0  libspace.o(.bss)



==============================================================================

Memory Map of the image

  Image Entry point : 0x080001cd

  Load Region LR_1 (Base: 0x08000000, Size: 0x00004bfc, Max: 0xffffffff, ABSOLUTE)

    Execution Region ER_RO (Exec base: 0x08000000, Load base: 0x08000000, Size: 0x00004b54, Max: 0xffffffff, ABSOLUTE)

    Exec Addr    Load Addr    Size         Type   Attr      Idx    E Section Name        Object

    0x08000000   0x08000000   0x00000130   Data   RO          568    RESET               startup_stm32f10x_hd.o
    0x08000130   0x08000130   0x00000008   Code   RO         1056  * !!!main             c_w.l(__main.o)
    0x08000138   0x08000138   0x00000034   Code   RO         1240    !!!scatter          c_w.l(__scatter.o)
    0x0800016c   0x0800016c   0x0000001a   Code   RO         1242    !!handler_copy      c_w.l(__scatter_copy.o)
    0x08000186   0x08000186   0x00000002   PAD
    0x08000188   0x08000188   0x0000001c   Code   RO         1244    !!handler_zi        c_w.l(__scatter_zi.o)
    0x080001a4   0x080001a4   0x00000002   Code   RO         1110    .ARM.Collect$$libinit$$00000000  c_w.l(libinit.o)
    0x080001a6   0x080001a6   0x00000000   Code   RO         1117    .ARM.Collect$$libinit$$00000002  c_w.l(libinit2.o)
    0x080001a6   0x080001a6   0x00000000   Code   RO         1119    .ARM.Collect$$libinit$$00000004  c_w.l(libinit2.o)
    0x080001a6   0x080001a6   0x00000000   Code   RO         1122    .ARM.Collect$$libinit$$0000000A  c_w.l(libinit2.o)
    0x080001a6   0x080001a6   0x00000000   Code   RO         1124    .ARM.Collect$$libinit$$0000000C  c_w.l(libinit2.o)
    0x080001a6   0x080001a6   0x00000000   Code   RO         1126    .ARM.Collect$$libinit$$0000000E  c_w.l(libinit2.o)
    0x080001a6   0x080001a6   0x00000000   Code   RO         1129    .ARM.Collect$$libinit$$00000011  c_w.l(libinit2.o)
    0x080001a6   0x080001a6   0x00000000   Code   RO         1131    .ARM.Collect$$libinit$$00000013  c_w.l(libinit2.o)
    0x080001a6   0x080001a6   0x00000000   Code   RO         1133    .ARM.Collect$$libinit$$00000015  c_w.l(libinit2.o)
    0x080001a6   0x080001a6   0x00000000   Code   RO         1135    .ARM.Collect$$libinit$$00000017  c_w.l(libinit2.o)
    0x080001a6   0x080001a6   0x00000000   Code   RO         1137    .ARM.Collect$$libinit$$00000019  c_w.l(libinit2.o)
    0x080001a6   0x080001a6   0x00000000   Code   RO         1139    .ARM.Collect$$libinit$$0000001B  c_w.l(libinit2.o)
    0x080001a6   0x080001a6   0x00000000   Code   RO         1141    .ARM.Collect$$libinit$$0000001D  c_w.l(libinit2.o)
    0x080001a6   0x080001a6   0x00000000   Code   RO         1143    .ARM.Collect$$libinit$$0000001F  c_w.l(libinit2.o)
    0x080001a6   0x080001a6   0x00000000   Code   RO         1145    .ARM.Collect$$libinit$$00000021  c_w.l(libinit2.o)
    0x080001a6   0x080001a6   0x00000000   Code   RO         1147    .ARM.Collect$$libinit$$00000023  c_w.l(libinit2.o)
    0x080001a6   0x080001a6   0x00000000   Code   RO         1149    .ARM.Collect$$libinit$$00000025  c_w.l(libinit2.o)
    0x080001a6   0x080001a6   0x00000000   Code   RO         1153    .ARM.Collect$$libinit$$0000002C  c_w.l(libinit2.o)
    0x080001a6   0x080001a6   0x00000000   Code   RO         1155    .ARM.Collect$$libinit$$0000002E  c_w.l(libinit2.o)
    0x080001a6   0x080001a6   0x00000000   Code   RO         1157    .ARM.Collect$$libinit$$00000030  c_w.l(libinit2.o)
    0x080001a6   0x080001a6   0x00000000   Code   RO         1159    .ARM.Collect$$libinit$$00000032  c_w.l(libinit2.o)
    0x080001a6   0x080001a6   0x00000002   Code   RO         1160    .ARM.Collect$$libinit$$00000033  c_w.l(libinit2.o)
    0x080001a8   0x080001a8   0x00000002   Code   RO         1180    .ARM.Collect$$libshutdown$$00000000  c_w.l(libshutdown.o)
    0x080001aa   0x080001aa   0x00000000   Code   RO         1193    .ARM.Collect$$libshutdown$$00000002  c_w.l(libshutdown2.o)
    0x080001aa   0x080001aa   0x00000000   Code   RO         1195    .ARM.Collect$$libshutdown$$00000004  c_w.l(libshutdown2.o)
    0x080001aa   0x080001aa   0x00000000   Code   RO         1198    .ARM.Collect$$libshutdown$$00000007  c_w.l(libshutdown2.o)
    0x080001aa   0x080001aa   0x00000000   Code   RO         1201    .ARM.Collect$$libshutdown$$0000000A  c_w.l(libshutdown2.o)
    0x080001aa   0x080001aa   0x00000000   Code   RO         1203    .ARM.Collect$$libshutdown$$0000000C  c_w.l(libshutdown2.o)
    0x080001aa   0x080001aa   0x00000000   Code   RO         1206    .ARM.Collect$$libshutdown$$0000000F  c_w.l(libshutdown2.o)
    0x080001aa   0x080001aa   0x00000002   Code   RO         1207    .ARM.Collect$$libshutdown$$00000010  c_w.l(libshutdown2.o)
    0x080001ac   0x080001ac   0x00000000   Code   RO         1080    .ARM.Collect$$rtentry$$00000000  c_w.l(__rtentry.o)
    0x080001ac   0x080001ac   0x00000000   Code   RO         1087    .ARM.Collect$$rtentry$$00000002  c_w.l(__rtentry2.o)
    0x080001ac   0x080001ac   0x00000006   Code   RO         1099    .ARM.Collect$$rtentry$$00000004  c_w.l(__rtentry4.o)
    0x080001b2   0x080001b2   0x00000000   Code   RO         1089    .ARM.Collect$$rtentry$$00000009  c_w.l(__rtentry2.o)
    0x080001b2   0x080001b2   0x00000004   Code   RO         1090    .ARM.Collect$$rtentry$$0000000A  c_w.l(__rtentry2.o)
    0x080001b6   0x080001b6   0x00000000   Code   RO         1092    .ARM.Collect$$rtentry$$0000000C  c_w.l(__rtentry2.o)
    0x080001b6   0x080001b6   0x00000008   Code   RO         1093    .ARM.Collect$$rtentry$$0000000D  c_w.l(__rtentry2.o)
    0x080001be   0x080001be   0x00000002   Code   RO         1114    .ARM.Collect$$rtexit$$00000000  c_w.l(rtexit.o)
    0x080001c0   0x080001c0   0x00000000   Code   RO         1162    .ARM.Collect$$rtexit$$00000002  c_w.l(rtexit2.o)
    0x080001c0   0x080001c0   0x00000004   Code   RO         1163    .ARM.Collect$$rtexit$$00000003  c_w.l(rtexit2.o)
    0x080001c4   0x080001c4   0x00000006   Code   RO         1164    .ARM.Collect$$rtexit$$00000004  c_w.l(rtexit2.o)
    0x080001ca   0x080001ca   0x00000002   PAD
    0x080001cc   0x080001cc   0x00000040   Code   RO          569  * .text               startup_stm32f10x_hd.o
    0x0800020c   0x0800020c   0x00000006   Code   RO         1054    .text               c_w.l(heapauxi.o)
    0x08000212   0x08000212   0x0000004a   Code   RO         1101    .text               c_w.l(sys_stackheap_outer.o)
    0x0800025c   0x0800025c   0x00000012   Code   RO         1103    .text               c_w.l(exit.o)
    0x0800026e   0x0800026e   0x00000002   PAD
    0x08000270   0x08000270   0x00000008   Code   RO         1111    .text               c_w.l(libspace.o)
    0x08000278   0x08000278   0x0000000c   Code   RO         1172    .text               c_w.l(sys_exit.o)
    0x08000284   0x08000284   0x00000002   Code   RO         1183    .text               c_w.l(use_no_semi.o)
    0x08000286   0x08000286   0x00000000   Code   RO         1185    .text               c_w.l(indicate_semi.o)
    0x08000286   0x08000286   0x00000004   Code   RO          989    i.BusFault_Handler  stm32f10x_it.o
    0x0800028a   0x0800028a   0x00000002   Code   RO          990    i.DebugMon_Handler  stm32f10x_it.o
    0x0800028c   0x0800028c   0x0000000c   Code   RO          940    i.Delay             main.o
    0x08000298   0x08000298   0x0000003c   Code   RO          412    i.EIE3810_Buzzer_Init  eie3810_buzzer.o
    0x080002d4   0x080002d4   0x00000014   Code   RO          413    i.EIE3810_Buzzer_Off  eie3810_buzzer.o
    0x080002e8   0x080002e8   0x00000014   Code   RO          414    i.EIE3810_Buzzer_On  eie3810_buzzer.o
    0x080002fc   0x080002fc   0x00000114   Code   RO          444    i.EIE3810_GameAgain  eie3810_myown.o
    0x08000410   0x08000410   0x000001ac   Code   RO          445    i.EIE3810_Game_Init  eie3810_myown.o
    0x080005bc   0x080005bc   0x000004b4   Code   RO          446    i.EIE3810_Game_Run  eie3810_myown.o
    0x08000a70   0x08000a70   0x00000070   Code   RO          531    i.EIE3810_JOYPAD_Init  eie3810_joypad.o
    0x08000ae0   0x08000ae0   0x00000080   Code   RO          532    i.EIE3810_JOYPAD_Read  eie3810_joypad.o
    0x08000b60   0x08000b60   0x00000064   Code   RO          366    i.EIE3810_KEY_Init  eie3810_key.o
    0x08000bc4   0x08000bc4   0x0000003c   Code   RO          367    i.EIE3810_KEY_Scan  eie3810_key.o
    0x08000c00   0x08000c00   0x00000068   Code   RO          177    i.EIE3810_LED_Init  eie3810_led.o
    0x08000c68   0x08000c68   0x00000028   Code   RO          104    i.EIE3810_NVIC_SetPriorityGroup  eie3810_usart.o
    0x08000c90   0x08000c90   0x00000018   Code   RO          368    i.EIE3810_Read_Key0  eie3810_key.o
    0x08000ca8   0x08000ca8   0x00000018   Code   RO          369    i.EIE3810_Read_Key1  eie3810_key.o
    0x08000cc0   0x08000cc0   0x00000018   Code   RO          370    i.EIE3810_Read_Key2  eie3810_key.o
    0x08000cd8   0x08000cd8   0x00000018   Code   RO          371    i.EIE3810_Read_KeyUp  eie3810_key.o
    0x08000cf0   0x08000cf0   0x000000e8   Code   RO          449    i.EIE3810_Reflection_Judge  eie3810_myown.o
    0x08000dd8   0x08000dd8   0x00000068   Code   RO          254    i.EIE3810_TFTLCD_Clear  eie3810_tftlcd.o
    0x08000e40   0x08000e40   0x0000004e   Code   RO          255    i.EIE3810_TFTLCD_DrawDot  eie3810_tftlcd.o
    0x08000e8e   0x08000e8e   0x0000015e   Code   RO          256    i.EIE3810_TFTLCD_DrwaCircle  eie3810_tftlcd.o
    0x08000fec   0x08000fec   0x000000ac   Code   RO          257    i.EIE3810_TFTLCD_FillRectangle  eie3810_tftlcd.o
    0x08001098   0x08001098   0x00000184   Code   RO          258    i.EIE3810_TFTLCD_Init  eie3810_tftlcd.o
    0x0800121c   0x0800121c   0x00000ed0   Code   RO          259    i.EIE3810_TFTLCD_SetParameter  eie3810_tftlcd.o
    0x080020ec   0x080020ec   0x000000fc   Code   RO          260    i.EIE3810_TFTLCD_SevenSegment  eie3810_tftlcd.o
    0x080021e8   0x080021e8   0x0000011c   Code   RO          261    i.EIE3810_TFTLCD_ShowChar  eie3810_tftlcd.o
    0x08002304   0x08002304   0x00000120   Code   RO          262    i.EIE3810_TFTLCD_ShowChar2412  eie3810_tftlcd.o
    0x08002424   0x08002424   0x0000002c   Code   RO          263    i.EIE3810_TFTLCD_ShowNum  eie3810_tftlcd.o
    0x08002450   0x08002450   0x0000003a   Code   RO          265    i.EIE3810_TFTLCD_ShowString  eie3810_tftlcd.o
    0x0800248a   0x0800248a   0x0000003a   Code   RO          266    i.EIE3810_TFTLCD_ShowString2412  eie3810_tftlcd.o
    0x080024c4   0x080024c4   0x00000008   Code   RO          267    i.EIE3810_TFTLCD_WrCmd  eie3810_tftlcd.o
    0x080024cc   0x080024cc   0x00000010   Code   RO          268    i.EIE3810_TFTLCD_WrCmdData  eie3810_tftlcd.o
    0x080024dc   0x080024dc   0x0000000c   Code   RO          269    i.EIE3810_TFTLCD_WrData  eie3810_tftlcd.o
    0x080024e8   0x080024e8   0x00000070   Code   RO          214    i.EIE3810_TIM3_Init  eie3810_timer.o
    0x08002558   0x08002558   0x0000005c   Code   RO          215    i.EIE3810_TIM4_Init  eie3810_timer.o
    0x080025b4   0x080025b4   0x00000020   Code   RO          105    i.EIE3810_USART1_ExtiInit  eie3810_usart.o
    0x080025d4   0x080025d4   0x000000c8   Code   RO          106    i.EIE3810_USART1_init  eie3810_usart.o
    0x0800269c   0x0800269c   0x00000020   Code   RO          107    i.EIE3810_USART2_ExtiInit  eie3810_usart.o
    0x080026bc   0x080026bc   0x000000c4   Code   RO            1    i.EIE3810_clock_tree_init  eie3810_clock.o
    0x08002780   0x08002780   0x00000164   Code   RO          451    i.First_Step        eie3810_myown.o
    0x080028e4   0x080028e4   0x00000088   Code   RO          452    i.Game_Countdown    eie3810_myown.o
    0x0800296c   0x0800296c   0x00000004   Code   RO          991    i.HardFault_Handler  stm32f10x_it.o
    0x08002970   0x08002970   0x0000000e   Code   RO          533    i.JOYPAD_Delay      eie3810_joypad.o
    0x0800297e   0x0800297e   0x00000004   Code   RO          992    i.MemManage_Handler  stm32f10x_it.o
    0x08002982   0x08002982   0x00000002   Code   RO          993    i.NMI_Handler       stm32f10x_it.o
    0x08002984   0x08002984   0x00000070   Code   RO          453    i.Need_Random_Value  eie3810_myown.o
    0x080029f4   0x080029f4   0x00000002   Code   RO          994    i.PendSV_Handler    stm32f10x_it.o
    0x080029f6   0x080029f6   0x00000002   Code   RO          995    i.SVC_Handler       stm32f10x_it.o
    0x080029f8   0x080029f8   0x000000cc   Code   RO          454    i.Second_Step       eie3810_myown.o
    0x08002ac4   0x08002ac4   0x00000008   Code   RO          573    i.SetSysClock       system_stm32f10x.o
    0x08002acc   0x08002acc   0x000000e0   Code   RO          574    i.SetSysClockTo72   system_stm32f10x.o
    0x08002bac   0x08002bac   0x0000001c   Code   RO          455    i.Show_Random_Seed  eie3810_myown.o
    0x08002bc8   0x08002bc8   0x00000002   Code   RO          996    i.SysTick_Handler   stm32f10x_it.o
    0x08002bca   0x08002bca   0x00000002   PAD
    0x08002bcc   0x08002bcc   0x00000060   Code   RO          576    i.SystemInit        system_stm32f10x.o
    0x08002c2c   0x08002c2c   0x00000090   Code   RO          216    i.TIM3_IRQHandler   eie3810_timer.o
    0x08002cbc   0x08002cbc   0x00000028   Code   RO          217    i.TIM4_IRQHandler   eie3810_timer.o
    0x08002ce4   0x08002ce4   0x00000050   Code   RO          109    i.USART1_IRQHandler  eie3810_usart.o
    0x08002d34   0x08002d34   0x00000050   Code   RO          110    i.USART2_IRQHandler  eie3810_usart.o
    0x08002d84   0x08002d84   0x00000004   Code   RO          997    i.UsageFault_Handler  stm32f10x_it.o
    0x08002d88   0x08002d88   0x000000a4   Code   RO          941    i.main              main.o
    0x08002e2c   0x08002e2c   0x000000c4   Code   RO         1058    x$fpl$fadd          fz_ws.l(faddsub_clz.o)
    0x08002ef0   0x08002ef0   0x00000184   Code   RO         1065    x$fpl$fdiv          fz_ws.l(fdiv.o)
    0x08003074   0x08003074   0x0000003e   Code   RO         1068    x$fpl$ffixu         fz_ws.l(ffixu.o)
    0x080030b2   0x080030b2   0x00000002   PAD
    0x080030b4   0x080030b4   0x00000026   Code   RO         1072    x$fpl$ffltu         fz_ws.l(fflt_clz.o)
    0x080030da   0x080030da   0x00000002   PAD
    0x080030dc   0x080030dc   0x00000102   Code   RO         1078    x$fpl$fmul          fz_ws.l(fmul.o)
    0x080031de   0x080031de   0x0000008c   Code   RO         1081    x$fpl$fnaninf       fz_ws.l(fnaninf.o)
    0x0800326a   0x0800326a   0x0000000a   Code   RO         1083    x$fpl$fretinf       fz_ws.l(fretinf.o)
    0x08003274   0x08003274   0x00000014   Code   RO         1059    x$fpl$frsb          fz_ws.l(faddsub_clz.o)
    0x08003288   0x08003288   0x000000ea   Code   RO         1060    x$fpl$fsub          fz_ws.l(faddsub_clz.o)
    0x08003372   0x08003372   0x00000000   Code   RO         1085    x$fpl$usenofp       fz_ws.l(usenofp.o)
    0x08003372   0x08003372   0x000017c0   Data   RO          270    .constdata          eie3810_tftlcd.o
    0x08004b32   0x08004b32   0x00000002   PAD
    0x08004b34   0x08004b34   0x00000020   Data   RO         1238    Region$$Table       anon$$obj.o


    Execution Region ER_RW (Exec base: 0x20000000, Load base: 0x08004b54, Size: 0x000000a8, Max: 0xffffffff, ABSOLUTE)

    Exec Addr    Load Addr    Size         Type   Attr      Idx    E Section Name        Object

    0x20000000   0x08004b54   0x00000004   Data   RW          113    .data               eie3810_usart.o
    0x20000004   0x08004b58   0x0000000c   Data   RW          218    .data               eie3810_timer.o
    0x20000010   0x08004b64   0x0000000a   Data   RW          271    .data               eie3810_tftlcd.o
    0x2000001a   0x08004b6e   0x00000002   PAD
    0x2000001c   0x08004b70   0x0000008b   Data   RW          456    .data               eie3810_myown.o


    Execution Region ER_ZI (Exec base: 0x200000a8, Load base: 0x08004bfc, Size: 0x00000728, Max: 0xffffffff, ABSOLUTE)

    Exec Addr    Load Addr    Size         Type   Attr      Idx    E Section Name        Object

    0x200000a8        -       0x000000c8   Zero   RW          112    .bss                eie3810_usart.o
    0x20000170        -       0x00000060   Zero   RW         1112    .bss                c_w.l(libspace.o)
    0x200001d0        -       0x00000200   Zero   RW          567    HEAP                startup_stm32f10x_hd.o
    0x200003d0        -       0x00000400   Zero   RW          566    STACK               startup_stm32f10x_hd.o


==============================================================================

Image component sizes


      Code (inc. data)   RO Data    RW Data    ZI Data      Debug   Object Name

         0          0          0          0          0         32   core_cm3.o
       100         20          0          0          0       1463   eie3810_buzzer.o
       196         10          0          0          0     208250   eie3810_clock.o
       254         20          0          0          0       1663   eie3810_joypad.o
       256         54          0          0          0       3451   eie3810_key.o
       104         14          0          0          0        499   eie3810_led.o
      2976        662          0        139          0       9827   eie3810_myown.o
      5904         82       6080         10          0      14184   eie3810_tftlcd.o
       388         86          0         12          0       2700   eie3810_timer.o
       464         90          0          4        200       4358   eie3810_usart.o
       176         22          0          0          0       1107   main.o
        64         26        304          0       1536        844   startup_stm32f10x_hd.o
        26          0          0          0          0       4214   stm32f10x_it.o
       328         28          0          0          0       2025   system_stm32f10x.o

    ----------------------------------------------------------------------
     11238       1114       6418        168       1736     254617   Object Totals
         0          0         32          0          0          0   (incl. Generated)
         2          0          2          3          0          0   (incl. Padding)

    ----------------------------------------------------------------------

      Code (inc. data)   RO Data    RW Data    ZI Data      Debug   Library Member Name

         8          0          0          0          0         68   __main.o
         0          0          0          0          0          0   __rtentry.o
        12          0          0          0          0          0   __rtentry2.o
         6          0          0          0          0          0   __rtentry4.o
        52          8          0          0          0          0   __scatter.o
        26          0          0          0          0          0   __scatter_copy.o
        28          0          0          0          0          0   __scatter_zi.o
        18          0          0          0          0         80   exit.o
         6          0          0          0          0        152   heapauxi.o
         0          0          0          0          0          0   indicate_semi.o
         2          0          0          0          0          0   libinit.o
         2          0          0          0          0          0   libinit2.o
         2          0          0          0          0          0   libshutdown.o
         2          0          0          0          0          0   libshutdown2.o
         8          4          0          0         96         68   libspace.o
         2          0          0          0          0          0   rtexit.o
        10          0          0          0          0          0   rtexit2.o
        12          4          0          0          0         68   sys_exit.o
        74          0          0          0          0         80   sys_stackheap_outer.o
         2          0          0          0          0         68   use_no_semi.o
       450          8          0          0          0        236   faddsub_clz.o
       388         76          0          0          0         96   fdiv.o
        62          4          0          0          0         84   ffixu.o
        38          0          0          0          0         68   fflt_clz.o
       258          4          0          0          0         84   fmul.o
       140          4          0          0          0         84   fnaninf.o
        10          0          0          0          0         68   fretinf.o
         0          0          0          0          0          0   usenofp.o

    ----------------------------------------------------------------------
      1628        112          0          0         96       1304   Library Totals
        10          0          0          0          0          0   (incl. Padding)

    ----------------------------------------------------------------------

      Code (inc. data)   RO Data    RW Data    ZI Data      Debug   Library Name

       272         16          0          0         96        584   c_w.l
      1346         96          0          0          0        720   fz_ws.l

    ----------------------------------------------------------------------
      1628        112          0          0         96       1304   Library Totals

    ----------------------------------------------------------------------

==============================================================================


      Code (inc. data)   RO Data    RW Data    ZI Data      Debug   

     12866       1226       6418        168       1832     252277   Grand Totals
     12866       1226       6418        168       1832     252277   ELF Image Totals
     12866       1226       6418        168          0          0   ROM Totals

==============================================================================

    Total RO  Size (Code + RO Data)                19284 (  18.83kB)
    Total RW  Size (RW Data + ZI Data)              2000 (   1.95kB)
    Total ROM Size (Code + RO Data + RW Data)      19452 (  19.00kB)

==============================================================================

