<html>
<body>
<pre>
<h1>µVision Build Log</h1>
<h2>Tool Versions:</h2>
IDE-Version: ¦ÌVision V5.24.2.0
Copyright (C) 2017 ARM Ltd and ARM Germany GmbH. All rights reserved.
License Information: Alex Qian, CUHK(SZ), LIC=----
 
Tool Versions:
Toolchain:       MDK-Lite  Version: 5.24.1
Toolchain Path:  D:\Keil_v5\ARM\ARMCC\Bin
C Compiler:      Armcc.exe V5.06 update 5 (build 528)
Assembler:       Armasm.exe V5.06 update 5 (build 528)
Linker/Locator:  ArmLink.exe V5.06 update 5 (build 528)
Library Manager: ArmAr.exe V5.06 update 5 (build 528)
Hex Converter:   FromElf.exe V5.06 update 5 (build 528)
CPU DLL:         SARMCM3.DLL V5.24.1
Dialog DLL:      DCM.DLL V1.16.0.0
Target DLL:      UL2CM3.DLL V1.160.3.0
Dialog DLL:      TCM.DLL V1.32.0.0
 
<h2>Project:</h2>
F:\Work\2. Teaching\2017-2018\Spring term\EIE3810\Lab 6\ELE3810 Lab 6\20180424_Demo3_USART\20180424_Demo3_USART\Lab1.uvprojx
Project File Date:  04/25/2018

<h2>Output:</h2>
*** Using Compiler 'V5.06 update 5 (build 528)', folder: 'D:\Keil_v5\ARM\ARMCC\Bin'
Rebuild target 'LAB2'
compiling EIE3810_LED.c...
compiling EIE3810_USART.c...
compiling EIE3810_Clock.c...
compiling EIE3810_Timer.c...
compiling EIE3810_TFTLCD.c...
compiling EIE3810_Key.c...
compiling EIE3810_Buzzer.c...
compiling EIE3810_Myown.c...
Board\EIE3810_Myown.c(56): warning:  #68-D: integer conversion resulted in a change of sign
  u16 speed[8][2]={{-1, 1}, {-1, 1},{-1, 1},{-1, 1}, {1, 1}, {1, 1},{1, 1},{1, 1}};
Board\EIE3810_Myown.c(56): warning:  #68-D: integer conversion resulted in a change of sign
  u16 speed[8][2]={{-1, 1}, {-1, 1},{-1, 1},{-1, 1}, {1, 1}, {1, 1},{1, 1},{1, 1}};
Board\EIE3810_Myown.c(56): warning:  #68-D: integer conversion resulted in a change of sign
  u16 speed[8][2]={{-1, 1}, {-1, 1},{-1, 1},{-1, 1}, {1, 1}, {1, 1},{1, 1},{1, 1}};
Board\EIE3810_Myown.c(56): warning:  #68-D: integer conversion resulted in a change of sign
  u16 speed[8][2]={{-1, 1}, {-1, 1},{-1, 1},{-1, 1}, {1, 1}, {1, 1},{1, 1},{1, 1}};
Board\EIE3810_Myown.c(266): warning:  #177-D: variable "Need_Count"  was declared but never referenced
      u8 static Need_Count;
Board\EIE3810_Myown.c: 5 warnings, 0 errors
compiling EIE3810_Joypad.c...
assembling startup_stm32f10x_hd.s...
compiling system_stm32f10x.c...
compiling core_cm3.c...
compiling stm32f10x_rcc.c...
compiling stm32f10x_gpio.c...
compiling main.c...
compiling stm32f10x_it.c...
linking...
Program Size: Code=12866 RO-data=6418 RW-data=168 ZI-data=1832  
FromELF: creating hex file...
".\Objects\_Lab1.axf" - 0 Error(s), 5 Warning(s).

<h2>Software Packages used:</h2>

Package Vendor: Keil
                http://www.keil.com/pack/Keil.STM32F1xx_DFP.2.2.0.pack
                Keil.STM32F1xx_DFP.2.2.0
                STMicroelectronics STM32F1 Series Device Support, Drivers and Examples

<h2>Collection of Component include folders:</h2>
  .\RTE\_LAB2
  D:\Keil_v5\ARM\PACK\Keil\STM32F1xx_DFP\2.2.0\Device\Include

<h2>Collection of Component Files used:</h2>
Build Time Elapsed:  00:00:06
</pre>
</body>
</html>
